ESP-ROM:esp32s3-20210327
Build:Mar 27 2021
rst:0x1 (POWERON),boot:0x8 (SPI_FAST_FLASH_BOOT)
SPIWP:0xee
mode:DIO, clock div:1
load:0x3fce2810,len:0x1564
load:0x403c8700,len:0x4
load:0x403c8704,len:0xd24
load:0x403cb700,len:0x2ed4
entry 0x403c8928
[0;32mI (27) boot: ESP-IDF v5.4.2-dirty 2nd stage bootloader[0m
[0;32mI (27) boot: compile time Aug 21 2025 17:15:17[0m
[0;32mI (27) boot: Multicore bootloader[0m
[0;32mI (28) boot: chip revision: v0.2[0m
[0;32mI (30) boot: efuse block revision: v1.3[0m
[0;32mI (34) boot.esp32s3: Boot SPI Speed : 80MHz[0m
[0;32mI (38) boot.esp32s3: SPI Mode       : DIO[0m
[0;32mI (42) boot.esp32s3: SPI Flash Size : 16MB[0m
[0;32mI (45) boot: Enabling RNG early entropy source...[0m
[0;32mI (50) boot: Partition Table:[0m
[0;32mI (52) boot: ## Label            Usage          Type ST Offset   Length[0m
[0;32mI (59) boot:  0 nvs              WiFi data        01 02 00009000 00006000[0m
[0;32mI (65) boot:  1 phy_init         RF data          01 01 0000f000 00001000[0m
[0;32mI (72) boot:  2 factory          factory app      00 00 00010000 00200000[0m
[0;32mI (78) boot:  3 ota_0            OTA app          00 10 00210000 00200000[0m
[0;32mI (85) boot:  4 ota_1            OTA app          00 11 00410000 00200000[0m
[0;32mI (91) boot:  5 storage          Unknown data     01 83 00610000 00100000[0m
[0;32mI (98) boot:  6 spiffs           Unknown data     01 82 00710000 00400000[0m
[0;32mI (104) boot:  7 userdata         Unknown data     01 84 00b10000 00100000[0m
[0;32mI (111) boot:  8 reserved         unknown          40 01 00c10000 003f0000[0m
[0;32mI (118) boot: End of partition table[0m
[0;32mI (121) esp_image: segment 0: paddr=00010020 vaddr=3c060020 size=17e5ch ( 97884) map[0m
[0;32mI (146) esp_image: segment 1: paddr=00027e84 vaddr=3fc9d200 size=04520h ( 17696) load[0m
[0;32mI (150) esp_image: segment 2: paddr=0002c3ac vaddr=40374000 size=03c6ch ( 15468) load[0m
[0;32mI (153) esp_image: segment 3: paddr=00030020 vaddr=42000020 size=5d8dch (383196) map[0m
[0;32mI (225) esp_image: segment 4: paddr=0008d904 vaddr=40377c6c size=15560h ( 87392) load[0m
[0;32mI (244) esp_image: segment 5: paddr=000a2e6c vaddr=600fe000 size=0001ch (    28) load[0m
[0;32mI (254) boot: Loaded app from partition at offset 0x10000[0m
[0;32mI (254) boot: Disabling RNG early entropy source...[0m
[0;32mI (264) octal_psram: vendor id    : 0x0d (AP)[0m
[0;32mI (264) octal_psram: dev id       : 0x02 (generation 3)[0m
[0;32mI (264) octal_psram: density      : 0x03 (64 Mbit)[0m
[0;32mI (266) octal_psram: good-die     : 0x01 (Pass)[0m
[0;32mI (271) octal_psram: Latency      : 0x01 (Fixed)[0m
[0;32mI (275) octal_psram: VCC          : 0x01 (3V)[0m
[0;32mI (279) octal_psram: SRF          : 0x01 (Fast Refresh)[0m
[0;32mI (284) octal_psram: BurstType    : 0x01 (Hybrid Wrap)[0m
[0;32mI (289) octal_psram: BurstLen     : 0x01 (32 Byte)[0m
[0;32mI (293) octal_psram: Readlatency  : 0x02 (10 cycles@Fixed)[0m
[0;32mI (298) octal_psram: DriveStrength: 0x00 (1/1)[0m
[0;32mI (303) esp_psram: Found 8MB PSRAM device[0m
[0;32mI (306) esp_psram: Speed: 40MHz[0m
[0;32mI (309) cpu_start: Multicore app[0m
[0;32mI (1043) esp_psram: SPI SRAM memory test OK[0m
[0;32mI (1052) cpu_start: Pro cpu start user code[0m
[0;32mI (1052) cpu_start: cpu freq: 240000000 Hz[0m
[0;32mI (1052) app_init: Application information:[0m
[0;32mI (1052) app_init: Project name:     wifi_station[0m
[0;32mI (1057) app_init: App version:      798c305-dirty[0m
[0;32mI (1061) app_init: Compile time:     Aug 26 2025 12:34:07[0m
[0;32mI (1067) app_init: ELF file SHA256:  2f125a841...[0m
[0;32mI (1071) app_init: ESP-IDF:          v5.4.2-dirty[0m
[0;32mI (1075) efuse_init: Min chip rev:     v0.0[0m
[0;32mI (1079) efuse_init: Max chip rev:     v0.99 [0m
[0;32mI (1083) efuse_init: Chip rev:         v0.2[0m
[0;32mI (1087) heap_init: Initializing. RAM available for dynamic allocation:[0m
[0;32mI (1094) heap_init: At 3FCA3CA8 len 00045A68 (278 KiB): RAM[0m
[0;32mI (1099) heap_init: At 3FCE9710 len 00005724 (21 KiB): RAM[0m
[0;32mI (1104) heap_init: At 3FCF0000 len 00008000 (32 KiB): DRAM[0m
[0;32mI (1109) heap_init: At 600FE01C len 00001FCC (7 KiB): RTCRAM[0m
[0;32mI (1115) esp_psram: Adding pool of 8192K of PSRAM memory to heap allocator[0m
[0;32mI (1122) spi_flash: detected chip: generic[0m
[0;32mI (1125) spi_flash: flash io: dio[0m
[0;32mI (1129) sleep_gpio: Configure to isolate all GPIO pins in sleep state[0m
[0;32mI (1135) sleep_gpio: Enable automatic switching of GPIO sleep configuration[0m
[0;32mI (1141) coexist: coex firmware version: 7b9a184[0m
[0;32mI (1165) coexist: coexist rom version e7ae62f[0m
[0;32mI (1166) main_task: Started on CPU0[0m
[0;32mI (1176) esp_psram: Reserving pool of 32K of internal memory for DMA/internal allocations[0m
[0;32mI (1176) main_task: Calling app_main()[0m
[0;32mI (1186) uart: queue free spaces: 30[0m
[0;32mI (1186) BLE: NVS SSID: 3718[0m
[0;32mI (1186) BLE: NVS PWD: 15362[0m
[0;32mI (1186) BLE: NVS CH: 1[0m
[0;32mI (1186) BLE: NVS SP: 1[0m
[0;32mI (1186) BLE_INIT: BT controller compile version [6cfabcd][0m
[0;32mI (1196) BLE_LOG: Succeeded to initialize upper layer task log![0m
[0;32mI (1196) gpio: GPIO[3]| InputEn: 0| OutputEn: 1| OpenDrain: 0| Pullup: 0| Pulldown: 0| Intr:0 [0m
[0;32mI (1206) BLE_LOG: Succeeded to initialize timestamp synchronizer![0m
[0;32mI (1216) BLE_LOG: Succeeded to initialize BLE log SPI output interface![0m
[0;32mI (1226) BLE_INIT: Feature Config, ADV:1, BLE_50:1, DTM:1, SCAN:1, CCA:0, SMP:1, CONNECT:1[0m
[0;32mI (1226) BLE_INIT: Bluetooth MAC: 30:ed:a0:bd:57:5e[0m
[0;32mI (1236) phy_init: phy_version 701,f4f1da3a,Mar  3 2025,15:50:10[0m
[0;32mI (1276) BLE: nimble host task start[0m
[0;32mI (1276) BLE: reg svc 0x1800 handle=1[0m
[0;32mI (1276) BLE: reg chr 0x2a00 def=2 val=3[0m
[0;32mI (1276) BLE: reg chr 0x2a01 def=4 val=5[0m
[0;32mI (1276) BLE: reg svc 0x1801 handle=6[0m
[0;32mI (1276) BLE: reg chr 0x2a05 def=7 val=8[0m
[0;32mI (1286) BLE: reg chr 0x2b3a def=10 val=11[0m
[0;32mI (1286) BLE: reg chr 0x2b29 def=12 val=13[0m
[0;32mI (1296) BLE: reg svc 0100bc9a-7856-3412-f0de-bc9a78563412 handle=14[0m
[0;32mI (1296) BLE: reg chr 00002211-eedd-ccbb-aa99-887766554433 def=15 val=16[0m
[0;32mI (1276) main_task: Returned from app_main()[0m
[0;32mI (1306) NimBLE: GAP procedure initiated: stop advertising.[0m

[0;32mI (1316) NimBLE: GAP procedure initiated: advertise; [0m
[0;32mI (1316) NimBLE: disc_mode=2[0m
[0;32mI (1326) NimBLE:  adv_channel_map=0 own_addr_type=0 adv_filter_policy=0 adv_itvl_min=320 adv_itvl_max=352[0m
[0;32mI (1326) NimBLE: [0m

[0;32mI (1336) BLE: Advertising as "FAL_A0BD575E"[0m
[0;32mI (301406) BLE: connect ok; status=0[0m
[0;32mI (301946) BLE: subscribe: handle=16 cur_notif=1 cur_ind=0[0m
[0;32mI (301946) BLE: start security on subscribe[0m
[0;32mI (304196) NimBLE: GAP procedure initiated: stop advertising.[0m

[0;32mI (304196) BLE: enc change: status=0[0m
[0;32mI (304206) NimBLE: GATT procedure initiated: notify; [0m
[0;32mI (304206) NimBLE: att_handle=16[0m

[0;32mI (304206) BLE: AUTHOK sent[0m
[0;32mI (304256) BLE: subscribe: handle=16 cur_notif=0 cur_ind=0[0m
[0;32mI (305156) BLE: subscribe: handle=8 cur_notif=0 cur_ind=1[0m
[0;32mI (308666) BLE: RX(3): BYE[0m
[0;32mI (308666) NimBLE: GATT procedure initiated: notify; [0m
[0;32mI (308666) NimBLE: att_handle=16[0m

[0;32mI (309166) NimBLE: GAP procedure initiated: terminate connection; conn_handle=1 hci_reason=19[0m

[0;32mI (309176) BLE: subscribe: handle=8 cur_notif=0 cur_ind=0[0m
[0;32mI (309176) BLE: disconnect; reason=534[0m
[0;32mI (312176) NimBLE: GAP procedure initiated: advertise; [0m
[0;32mI (312176) NimBLE: disc_mode=2[0m
[0;32mI (312176) NimBLE:  adv_channel_map=0 own_addr_type=0 adv_filter_policy=0 adv_itvl_min=320 adv_itvl_max=352[0m
[0;32mI (312176) NimBLE: [0m

[0;32mI (312186) BLE: Advertising as "FAL_A0BD575E"[0m
[0;32mI (314036) BLE: connect ok; status=0[0m
[0;32mI (314216) BLE: enc change: status=0[0m
[0;32mI (314216) BLE: subscribe: handle=8 cur_notif=0 cur_ind=1[0m
[0;32mI (314226) NimBLE: GATT procedure initiated: notify; [0m
[0;32mI (314226) NimBLE: att_handle=16[0m

[0;32mI (314226) BLE: AUTHOK sent[0m
[0;32mI (314276) BLE: subscribe: handle=16 cur_notif=1 cur_ind=0[0m
[0;32mI (314306) NimBLE: GATT procedure initiated: notify; [0m
[0;32mI (314306) NimBLE: att_handle=16[0m

[0;32mI (314306) BLE: AUTHOK sent[0m
[0;32mI (314366) BLE: subscribe: handle=16 cur_notif=0 cur_ind=0[0m
[0;32mI (316826) BLE: RX(3): BYE[0m
[0;32mI (316826) NimBLE: GATT procedure initiated: notify; [0m
[0;32mI (316826) NimBLE: att_handle=16[0m

[0;32mI (317326) NimBLE: GAP procedure initiated: terminate connection; conn_handle=1 hci_reason=19[0m

[0;32mI (317336) BLE: subscribe: handle=8 cur_notif=0 cur_ind=0[0m
[0;32mI (317336) BLE: disconnect; reason=534[0m
[0;32mI (320336) NimBLE: GAP procedure initiated: advertise; [0m
[0;32mI (320336) NimBLE: disc_mode=2[0m
[0;32mI (320336) NimBLE:  adv_channel_map=0 own_addr_type=0 adv_filter_policy=0 adv_itvl_min=320 adv_itvl_max=352[0m
[0;32mI (320346) NimBLE: [0m

[0;32mI (320346) BLE: Advertising as "FAL_A0BD575E"[0m
[0;32mI (327146) BLE: connect ok; status=0[0m
[0;32mI (327326) BLE: enc change: status=0[0m
[0;32mI (327326) BLE: subscribe: handle=8 cur_notif=0 cur_ind=1[0m
[0;32mI (327336) NimBLE: GATT procedure initiated: notify; [0m
[0;32mI (327336) NimBLE: att_handle=16[0m

[0;32mI (327336) BLE: AUTHOK sent[0m
[0;32mI (327356) BLE: subscribe: handle=16 cur_notif=1 cur_ind=0[0m
[0;32mI (327386) NimBLE: GATT procedure initiated: notify; [0m
[0;32mI (327386) NimBLE: att_handle=16[0m

[0;32mI (327386) BLE: AUTHOK sent[0m
[0;32mI (327446) BLE: subscribe: handle=16 cur_notif=0 cur_ind=0[0m
[0;32mI (329726) BLE: RX(3): BYE[0m
[0;32mI (329726) NimBLE: GATT procedure initiated: notify; [0m
[0;32mI (329726) NimBLE: att_handle=16[0m

[0;32mI (330226) NimBLE: GAP procedure initiated: terminate connection; conn_handle=1 hci_reason=19[0m

[0;32mI (330236) BLE: subscribe: handle=8 cur_notif=0 cur_ind=0[0m
[0;32mI (330236) BLE: disconnect; reason=534[0m
[0;32mI (333236) NimBLE: GAP procedure initiated: advertise; [0m
[0;32mI (333236) NimBLE: disc_mode=2[0m
[0;32mI (333236) NimBLE:  adv_channel_map=0 own_addr_type=0 adv_filter_policy=0 adv_itvl_min=320 adv_itvl_max=352[0m
[0;32mI (333246) NimBLE: [0m

[0;32mI (333246) BLE: Advertising as "FAL_A0BD575E"[0m
ESP-ROM:esp32s3-20210327
Build:Mar 27 2021
rst:0x1 (POWERON),boot:0x8 (SPI_FAST_FLASH_BOOT)
SPIWP:0xee
mode:DIO, clock div:1
load:0x3fce2810,len:0x1564
load:0x403c8700,len:0x4
load:0x403c8704,len:0xd24
load:0x403cb700,len:0x2ed4
entry 0x403c8928
[0;32mI (27) boot: ESP-IDF v5.4.2-dirty 2nd stage bootloader[0m
[0;32mI (27) boot: compile time Aug 21 2025 17:15:17[0m
[0;32mI (27) boot: Multicore bootloader[0m
[0;32mI (28) boot: chip revision: v0.2[0m
[0;32mI (30) boot: efuse block revision: v1.3[0m
[0;32mI (34) boot.esp32s3: Boot SPI Speed : 80MHz[0m
[0;32mI (38) boot.esp32s3: SPI Mode       : DIO[0m
[0;32mI (42) boot.esp32s3: SPI Flash Size : 16MB[0m
[0;32mI (45) boot: Enabling RNG early entropy source...[0m
[0;32mI (50) boot: Partition Table:[0m
[0;32mI (52) boot: ## Label            Usage          Type ST Offset   Length[0m
[0;32mI (59) boot:  0 nvs              WiFi data        01 02 00009000 00006000[0m
[0;32mI (65) boot:  1 phy_init         RF data          01 01 0000f000 00001000[0m
[0;32mI (72) boot:  2 factory          factory app      00 00 00010000 00200000[0m
[0;32mI (78) boot:  3 ota_0            OTA app          00 10 00210000 00200000[0m
[0;32mI (85) boot:  4 ota_1            OTA app          00 11 00410000 00200000[0m
[0;32mI (91) boot:  5 storage          Unknown data     01 83 00610000 00100000[0m
[0;32mI (98) boot:  6 spiffs           Unknown data     01 82 00710000 00400000[0m
[0;32mI (104) boot:  7 userdata         Unknown data     01 84 00b10000 00100000[0m
[0;32mI (111) boot:  8 reserved         unknown          40 01 00c10000 003f0000[0m
[0;32mI (118) boot: End of partition table[0m
[0;32mI (121) esp_image: segment 0: paddr=00010020 vaddr=3c060020 size=17e5ch ( 97884) map[0m
[0;32mI (146) esp_image: segment 1: paddr=00027e84 vaddr=3fc9d200 size=04520h ( 17696) load[0m
[0;32mI (150) esp_image: segment 2: paddr=0002c3ac vaddr=40374000 size=03c6ch ( 15468) load[0m
[0;32mI (153) esp_image: segment 3: paddr=00030020 vaddr=42000020 size=5d8dch (383196) map[0m
[0;32mI (225) esp_image: segment 4: paddr=0008d904 vaddr=40377c6c size=15560h ( 87392) load[0m
[0;32mI (244) esp_image: segment 5: paddr=000a2e6c vaddr=600fe000 size=0001ch (    28) load[0m
[0;32mI (254) boot: Loaded app from partition at offset 0x10000[0m
[0;32mI (254) boot: Disabling RNG early entropy source...[0m
[0;32mI (264) octal_psram: vendor id    : 0x0d (AP)[0m
[0;32mI (264) octal_psram: dev id       : 0x02 (generation 3)[0m
[0;32mI (264) octal_psram: density      : 0x03 (64 Mbit)[0m
[0;32mI (266) octal_psram: good-die     : 0x01 (Pass)[0m
[0;32mI (271) octal_psram: Latency      : 0x01 (Fixed)[0m
[0;32mI (275) octal_psram: VCC          : 0x01 (3V)[0m
[0;32mI (279) octal_psram: SRF          : 0x01 (Fast Refresh)[0m
[0;32mI (284) octal_psram: BurstType    : 0x01 (Hybrid Wrap)[0m
[0;32mI (289) octal_psram: BurstLen     : 0x01 (32 Byte)[0m
[0;32mI (293) octal_psram: Readlatency  : 0x02 (10 cycles@Fixed)[0m
[0;32mI (298) octal_psram: DriveStrength: 0x00 (1/1)[0m
[0;32mI (303) esp_psram: Found 8MB PSRAM device[0m
[0;32mI (306) esp_psram: Speed: 40MHz[0m
[0;32mI (309) cpu_start: Multicore app[0m
[0;32mI (1043) esp_psram: SPI SRAM memory test OK[0m
[0;32mI (1052) cpu_start: Pro cpu start user code[0m
[0;32mI (1052) cpu_start: cpu freq: 240000000 Hz[0m
[0;32mI (1052) app_init: Application information:[0m
[0;32mI (1053) app_init: Project name:     wifi_station[0m
[0;32mI (1057) app_init: App version:      798c305-dirty[0m
[0;32mI (1061) app_init: Compile time:     Aug 26 2025 12:34:07[0m
[0;32mI (1067) app_init: ELF file SHA256:  2f125a841...[0m
[0;32mI (1071) app_init: ESP-IDF:          v5.4.2-dirty[0m
[0;32mI (1075) efuse_init: Min chip rev:     v0.0[0m
[0;32mI (1079) efuse_init: Max chip rev:     v0.99 [0m
[0;32mI (1083) efuse_init: Chip rev:         v0.2[0m
[0;32mI (1087) heap_init: Initializing. RAM available for dynamic allocation:[0m
[0;32mI (1094) heap_init: At 3FCA3CA8 len 00045A68 (278 KiB): RAM[0m
[0;32mI (1099) heap_init: At 3FCE9710 len 00005724 (21 KiB): RAM[0m
[0;32mI (1104) heap_init: At 3FCF0000 len 00008000 (32 KiB): DRAM[0m
[0;32mI (1109) heap_init: At 600FE01C len 00001FCC (7 KiB): RTCRAM[0m
[0;32mI (1115) esp_psram: Adding pool of 8192K of PSRAM memory to heap allocator[0m
[0;32mI (1122) spi_flash: detected chip: generic[0m
[0;32mI (1125) spi_flash: flash io: dio[0m
[0;32mI (1129) sleep_gpio: Configure to isolate all GPIO pins in sleep state[0m
[0;32mI (1135) sleep_gpio: Enable automatic switching of GPIO sleep configuration[0m
[0;32mI (1142) coexist: coex firmware version: 7b9a184[0m
[0;32mI (1165) coexist: coexist rom version e7ae62f[0m
[0;32mI (1166) main_task: Started on CPU0[0m
[0;32mI (1176) esp_psram: Reserving pool of 32K of internal memory for DMA/internal allocations[0m
[0;32mI (1176) main_task: Calling app_main()[0m
[0;32mI (1186) uart: queue free spaces: 30[0m
[0;32mI (1186) BLE: NVS SSID: 3718[0m
[0;32mI (1186) BLE: NVS PWD: 15362[0m
[0;32mI (1186) BLE: NVS CH: 1[0m
[0;32mI (1186) BLE: NVS SP: 1[0m
[0;32mI (1186) BLE_INIT: BT controller compile version [6cfabcd][0m
[0;32mI (1196) BLE_LOG: Succeeded to initialize upper layer task log![0m
[0;32mI (1196) gpio: GPIO[3]| InputEn: 0| OutputEn: 1| OpenDrain: 0| Pullup: 0| Pulldown: 0| Intr:0 [0m
[0;32mI (1206) BLE_LOG: Succeeded to initialize timestamp synchronizer![0m
[0;32mI (1216) BLE_LOG: Succeeded to initialize BLE log SPI output interface![0m
[0;32mI (1226) BLE_INIT: Feature Config, ADV:1, BLE_50:1, DTM:1, SCAN:1, CCA:0, SMP:1, CONNECT:1[0m
[0;32mI (1226) BLE_INIT: Bluetooth MAC: 30:ed:a0:bd:57:5e[0m
[0;32mI (1236) phy_init: phy_version 701,f4f1da3a,Mar  3 2025,15:50:10[0m
[0;32mI (1276) BLE: nimble host task start[0m
[0;32mI (1276) BLE: reg svc 0x1800 handle=1[0m
[0;32mI (1276) BLE: reg chr 0x2a00 def=2 val=3[0m
[0;32mI (1276) BLE: reg chr 0x2a01 def=4 val=5[0m
[0;32mI (1276) BLE: reg svc 0x1801 handle=6[0m
[0;32mI (1276) BLE: reg chr 0x2a05 def=7 val=8[0m
[0;32mI (1286) BLE: reg chr 0x2b3a def=10 val=11[0m
[0;32mI (1286) BLE: reg chr 0x2b29 def=12 val=13[0m
[0;32mI (1296) BLE: reg svc 0100bc9a-7856-3412-f0de-bc9a78563412 handle=14[0m
[0;32mI (1296) BLE: reg chr 00002211-eedd-ccbb-aa99-887766554433 def=15 val=16[0m
[0;32mI (1276) main_task: Returned from app_main()[0m
[0;32mI (1306) NimBLE: GAP procedure initiated: stop advertising.[0m

[0;32mI (1316) NimBLE: GAP procedure initiated: advertise; [0m
[0;32mI (1316) NimBLE: disc_mode=2[0m
[0;32mI (1316) NimBLE:  adv_channel_map=0 own_addr_type=0 adv_filter_policy=0 adv_itvl_min=320 adv_itvl_max=352[0m
[0;32mI (1326) NimBLE: [0m

[0;32mI (1336) BLE: Advertising as "FAL_A0BD575E"[0m
[0;32mI (3846) BLE: connect ok; status=0[0m
[0;32mI (4406) BLE: subscribe: handle=16 cur_notif=1 cur_ind=0[0m
[0;32mI (4406) BLE: start security on subscribe[0m
[0;32mI (5306) BLE: enc change: status=1289[0m
[0;32mI (8306) BLE: subscribe: handle=16 cur_notif=0 cur_ind=0[0m
[0;32mI (8306) BLE: disconnect; reason=531[0m
[0;32mI (11306) NimBLE: GAP procedure initiated: advertise; [0m
[0;32mI (11306) NimBLE: disc_mode=2[0m
[0;32mI (11306) NimBLE:  adv_channel_map=0 own_addr_type=0 adv_filter_policy=0 adv_itvl_min=320 adv_itvl_max=352[0m
[0;32mI (11306) NimBLE: [0m

[0;32mI (11316) BLE: Advertising as "FAL_A0BD575E"[0m
[0;32mI (11826) BLE: connect ok; status=0[0m
[0;32mI (12386) BLE: subscribe: handle=16 cur_notif=1 cur_ind=0[0m
[0;32mI (12386) BLE: start security on subscribe[0m
[0;32mI (15566) BLE: enc change: status=1289[0m
[0;32mI (18566) BLE: subscribe: handle=16 cur_notif=0 cur_ind=0[0m
[0;32mI (18566) BLE: disconnect; reason=531[0m
[0;32mI (21566) NimBLE: GAP procedure initiated: advertise; [0m
[0;32mI (21566) NimBLE: disc_mode=2[0m
[0;32mI (21566) NimBLE:  adv_channel_map=0 own_addr_type=0 adv_filter_policy=0 adv_itvl_min=320 adv_itvl_max=352[0m
[0;32mI (21566) NimBLE: [0m

[0;32mI (21576) BLE: Advertising as "FAL_A0BD575E"[0m
[0;32mI (27246) BLE: connect ok; status=0[0m
[0;32mI (28586) BLE: disconnect; reason=531[0m
[0;32mI (31586) NimBLE: GAP procedure initiated: advertise; [0m
[0;32mI (31586) NimBLE: disc_mode=2[0m
[0;32mI (31586) NimBLE:  adv_channel_map=0 own_addr_type=0 adv_filter_policy=0 adv_itvl_min=320 adv_itvl_max=352[0m
[0;32mI (31586) NimBLE: [0m

[0;32mI (31596) BLE: Advertising as "FAL_A0BD575E"[0m
[0;32mI (33006) BLE: connect ok; status=0[0m
[0;32mI (33556) BLE: subscribe: handle=16 cur_notif=1 cur_ind=0[0m
[0;32mI (33556) BLE: start security on subscribe[0m
[0;32mI (35746) BLE: enc change: status=1289[0m
[0;32mI (38756) BLE: subscribe: handle=16 cur_notif=0 cur_ind=0[0m
[0;32mI (38756) BLE: disconnect; reason=531[0m
[0;32mI (41756) NimBLE: GAP procedure initiated: advertise; [0m
[0;32mI (41756) NimBLE: disc_mode=2[0m
[0;32mI (41756) NimBLE:  adv_channel_map=0 own_addr_type=0 adv_filter_policy=0 adv_itvl_min=320 adv_itvl_max=352[0m
[0;32mI (41756) NimBLE: [0m

[0;32mI (41766) BLE: Advertising as "FAL_A0BD575E"[0m
[0;32mI (46086) BLE: connect ok; status=0[0m
[0;32mI (46646) BLE: subscribe: handle=16 cur_notif=1 cur_ind=0[0m
[0;32mI (46646) BLE: start security on subscribe[0m
[0;32mI (48566) BLE: subscribe: handle=16 cur_notif=0 cur_ind=0[0m
[0;32mI (49376) NimBLE: GAP procedure initiated: stop advertising.[0m

[0;32mI (49376) BLE: enc change: status=0[0m
[0;32mI (49386) NimBLE: GATT procedure initiated: notify; [0m
[0;32mI (49386) NimBLE: att_handle=16[0m

[0;32mI (49386) BLE: AUTHOK sent[0m
[0;32mI (50286) BLE: subscribe: handle=8 cur_notif=0 cur_ind=1[0m
[0;32mI (54446) BLE: subscribe: handle=8 cur_notif=0 cur_ind=0[0m
[0;32mI (54446) BLE: disconnect; reason=531[0m
[0;32mI (57446) NimBLE: GAP procedure initiated: advertise; [0m
[0;32mI (57446) NimBLE: disc_mode=2[0m
[0;32mI (57446) NimBLE:  adv_channel_map=0 own_addr_type=0 adv_filter_policy=0 adv_itvl_min=320 adv_itvl_max=352[0m
[0;32mI (57446) NimBLE: [0m

[0;32mI (57456) BLE: Advertising as "FAL_A0BD575E"[0m
[0;32mI (62496) BLE: connect ok; status=0[0m
[0;32mI (62676) BLE: enc change: status=0[0m
[0;32mI (62676) BLE: subscribe: handle=8 cur_notif=0 cur_ind=1[0m
[0;32mI (62686) NimBLE: GATT procedure initiated: notify; [0m
[0;32mI (62686) NimBLE: att_handle=16[0m

[0;32mI (62686) BLE: AUTHOK sent[0m
[0;32mI (62706) BLE: subscribe: handle=16 cur_notif=1 cur_ind=0[0m
[0;32mI (62736) NimBLE: GATT procedure initiated: notify; [0m
[0;32mI (62736) NimBLE: att_handle=16[0m

[0;32mI (62736) BLE: AUTHOK sent[0m
[0;32mI (62796) BLE: subscribe: handle=16 cur_notif=0 cur_ind=0[0m
[0;32mI (72396) BLE: subscribe: handle=8 cur_notif=0 cur_ind=0[0m
[0;32mI (72396) BLE: disconnect; reason=531[0m
ESP-ROM:esp32s3-20210327
Build:Mar 27 2021
rst:0x1 (POWERON),boot:0x8 (SPI_FAST_FLASH_BOOT)
SPIWP:0xee
mode:DIO, clock div:1
load:0x3fce2810,len:0x1564
load:0x403c8700,len:0x4
load:0x403c8704,len:0xd24
load:0x403cb700,len:0x2ed4
entry 0x403c8928
[0;32mI (27) boot: ESP-IDF v5.4.2-dirty 2nd stage bootloader[0m
[0;32mI (27) boot: compile time Aug 21 2025 17:15:17[0m
[0;32mI (27) boot: Multicore bootloader[0m
[0;32mI (28) boot: chip revision: v0.2[0m
[0;32mI (30) boot: efuse block revision: v1.3[0m
[0;32mI (34) boot.esp32s3: Boot SPI Speed : 80MHz[0m
[0;32mI (38) boot.esp32s3: SPI Mode       : DIO[0m
[0;32mI (42) boot.esp32s3: SPI Flash Size : 16MB[0m
[0;32mI (45) boot: Enabling RNG early entropy source...[0m
[0;32mI (50) boot: Partition Table:[0m
[0;32mI (52) boot: ## Label            Usage          Type ST Offset   Length[0m
[0;32mI (59) boot:  0 nvs              WiFi data        01 02 00009000 00006000[0m
[0;32mI (65) boot:  1 phy_init         RF data          01 01 0000f000 00001000[0m
[0;32mI (72) boot:  2 factory          factory app      00 00 00010000 00200000[0m
[0;32mI (78) boot:  3 ota_0            OTA app          00 10 00210000 00200000[0m
[0;32mI (85) boot:  4 ota_1            OTA app          00 11 00410000 00200000[0m
[0;32mI (91) boot:  5 storage          Unknown data     01 83 00610000 00100000[0m
[0;32mI (98) boot:  6 spiffs           Unknown data     01 82 00710000 00400000[0m
[0;32mI (104) boot:  7 userdata         Unknown data     01 84 00b10000 00100000[0m
[0;32mI (111) boot:  8 reserved         unknown          40 01 00c10000 003f0000[0m
[0;32mI (118) boot: End of partition table[0m
[0;32mI (121) esp_image: segment 0: paddr=00010020 vaddr=3c060020 size=17e5ch ( 97884) map[0m
[0;32mI (146) esp_image: segment 1: paddr=00027e84 vaddr=3fc9d200 size=04520h ( 17696) load[0m
[0;32mI (150) esp_image: segment 2: paddr=0002c3ac vaddr=40374000 size=03c6ch ( 15468) load[0m
[0;32mI (153) esp_image: segment 3: paddr=00030020 vaddr=42000020 size=5d8dch (383196) map[0m
[0;32mI (225) esp_image: segment 4: paddr=0008d904 vaddr=40377c6c size=15560h ( 87392) load[0m
[0;32mI (244) esp_image: segment 5: paddr=000a2e6c vaddr=600fe000 size=0001ch (    28) load[0m
[0;32mI (254) boot: Loaded app from partition at offset 0x10000[0m
[0;32mI (254) boot: Disabling RNG early entropy source...[0m
[0;32mI (264) octal_psram: vendor id    : 0x0d (AP)[0m
[0;32mI (264) octal_psram: dev id       : 0x02 (generation 3)[0m
[0;32mI (264) octal_psram: density      : 0x03 (64 Mbit)[0m
[0;32mI (266) octal_psram: good-die     : 0x01 (Pass)[0m
[0;32mI (271) octal_psram: Latency      : 0x01 (Fixed)[0m
[0;32mI (275) octal_psram: VCC          : 0x01 (3V)[0m
[0;32mI (279) octal_psram: SRF          : 0x01 (Fast Refresh)[0m
[0;32mI (284) octal_psram: BurstType    : 0x01 (Hybrid Wrap)[0m
[0;32mI (289) octal_psram: BurstLen     : 0x01 (32 Byte)[0m
[0;32mI (293) octal_psram: Readlatency  : 0x02 (10 cycles@Fixed)[0m
[0;32mI (298) octal_psram: DriveStrength: 0x00 (1/1)[0m
[0;32mI (303) esp_psram: Found 8MB PSRAM device[0m
[0;32mI (306) esp_psram: Speed: 40MHz[0m
[0;32mI (309) cpu_start: Multicore app[0m
[0;32mI (1043) esp_psram: SPI SRAM memory test OK[0m
[0;32mI (1052) cpu_start: Pro cpu start user code[0m
[0;32mI (1052) cpu_start: cpu freq: 240000000 Hz[0m
[0;32mI (1052) app_init: Application information:[0m
[0;32mI (1053) app_init: Project name:     wifi_station[0m
[0;32mI (1057) app_init: App version:      798c305-dirty[0m
[0;32mI (1061) app_init: Compile time:     Aug 26 2025 12:34:07[0m
[0;32mI (1067) app_init: ELF file SHA256:  2f125a841...[0m
[0;32mI (1071) app_init: ESP-IDF:          v5.4.2-dirty[0m
[0;32mI (1075) efuse_init: Min chip rev:     v0.0[0m
[0;32mI (1079) efuse_init: Max chip rev:     v0.99 [0m
[0;32mI (1083) efuse_init: Chip rev:         v0.2[0m
[0;32mI (1087) heap_init: Initializing. RAM available for dynamic allocation:[0m
[0;32mI (1094) heap_init: At 3FCA3CA8 len 00045A68 (278 KiB): RAM[0m
[0;32mI (1099) heap_init: At 3FCE9710 len 00005724 (21 KiB): RAM[0m
[0;32mI (1104) heap_init: At 3FCF0000 len 00008000 (32 KiB): DRAM[0m
[0;32mI (1109) heap_init: At 600FE01C len 00001FCC (7 KiB): RTCRAM[0m
[0;32mI (1115) esp_psram: Adding pool of 8192K of PSRAM memory to heap allocator[0m
[0;32mI (1122) spi_flash: detected chip: generic[0m
[0;32mI (1125) spi_flash: flash io: dio[0m
[0;32mI (1129) sleep_gpio: Configure to isolate all GPIO pins in sleep state[0m
[0;32mI (1135) sleep_gpio: Enable automatic switching of GPIO sleep configuration[0m
[0;32mI (1141) coexist: coex firmware version: 7b9a184[0m
[0;32mI (1165) coexist: coexist rom version e7ae62f[0m
[0;32mI (1166) main_task: Started on CPU0[0m
[0;32mI (1176) esp_psram: Reserving pool of 32K of internal memory for DMA/internal allocations[0m
[0;32mI (1176) main_task: Calling app_main()[0m
[0;32mI (1186) uart: queue free spaces: 30[0m
[0;32mI (1186) BLE: NVS SSID: 3718[0m
[0;32mI (1186) BLE: NVS PWD: 15362[0m
[0;32mI (1186) BLE: NVS CH: 1[0m
[0;32mI (1186) BLE: NVS SP: 1[0m
[0;32mI (1186) BLE_INIT: BT controller compile version [6cfabcd][0m
[0;32mI (1196) BLE_LOG: Succeeded to initialize upper layer task log![0m
[0;32mI (1196) gpio: GPIO[3]| InputEn: 0| OutputEn: 1| OpenDrain: 0| Pullup: 0| Pulldown: 0| Intr:0 [0m
[0;32mI (1206) BLE_LOG: Succeeded to initialize timestamp synchronizer![0m
[0;32mI (1216) BLE_LOG: Succeeded to initialize BLE log SPI output interface![0m
[0;32mI (1226) BLE_INIT: Feature Config, ADV:1, BLE_50:1, DTM:1, SCAN:1, CCA:0, SMP:1, CONNECT:1[0m
[0;32mI (1226) BLE_INIT: Bluetooth MAC: 30:ed:a0:bd:57:5e[0m
[0;32mI (1236) phy_init: phy_version 701,f4f1da3a,Mar  3 2025,15:50:10[0m
[0;32mI (1276) BLE: nimble host task start[0m
[0;32mI (1276) BLE: reg svc 0x1800 handle=1[0m
[0;32mI (1276) BLE: reg chr 0x2a00 def=2 val=3[0m
[0;32mI (1276) BLE: reg chr 0x2a01 def=4 val=5[0m
[0;32mI (1276) BLE: reg svc 0x1801 handle=6[0m
[0;32mI (1276) BLE: reg chr 0x2a05 def=7 val=8[0m
[0;32mI (1286) BLE: reg chr 0x2b3a def=10 val=11[0m
[0;32mI (1286) BLE: reg chr 0x2b29 def=12 val=13[0m
[0;32mI (1296) BLE: reg svc 0100bc9a-7856-3412-f0de-bc9a78563412 handle=14[0m
[0;32mI (1296) BLE: reg chr 00002211-eedd-ccbb-aa99-887766554433 def=15 val=16[0m
[0;32mI (1306) NimBLE: GAP procedure initiated: stop advertising.[0m

[0;32mI (1306) NimBLE: GAP procedure initiated: advertise; [0m
[0;32mI (1316) NimBLE: disc_mode=2[0m
[0;32mI (1316) NimBLE:  adv_channel_map=0 own_addr_type=0 adv_filter_policy=0 adv_itvl_min=320 adv_itvl_max=352[0m
[0;32mI (1326) NimBLE: [0m

[0;32mI (1326) BLE: Advertising as "FAL_A0BD575E"[0m
[0;32mI (1276) main_task: Returned from app_main()[0m
[0;32mI (63076) BLE: connect ok; status=0[0m
[0;32mI (63256) BLE: disconnect; reason=531[0m
[0;32mI (66256) NimBLE: GAP procedure initiated: advertise; [0m
[0;32mI (66256) NimBLE: disc_mode=2[0m
[0;32mI (66256) NimBLE:  adv_channel_map=0 own_addr_type=0 adv_filter_policy=0 adv_itvl_min=320 adv_itvl_max=352[0m
[0;32mI (66266) NimBLE: [0m

[0;32mI (66266) BLE: Advertising as "FAL_A0BD575E"[0m
[0;32mI (197326) BLE: connect ok; status=0[0m
[0;32mI (197936) BLE: subscribe: handle=16 cur_notif=1 cur_ind=0[0m
[0;32mI (197936) BLE: start security on subscribe[0m
[0;32mI (199916) BLE: enc change: status=1289[0m
[0;32mI (202916) BLE: subscribe: handle=16 cur_notif=0 cur_ind=0[0m
[0;32mI (202916) BLE: disconnect; reason=531[0m
[0;32mI (205916) NimBLE: GAP procedure initiated: advertise; [0m
[0;32mI (205916) NimBLE: disc_mode=2[0m
[0;32mI (205916) NimBLE:  adv_channel_map=0 own_addr_type=0 adv_filter_policy=0 adv_itvl_min=320 adv_itvl_max=352[0m
[0;32mI (205916) NimBLE: [0m

[0;32mI (205926) BLE: Advertising as "FAL_A0BD575E"[0m
[0;32mI (206866) BLE: connect ok; status=0[0m
[0;32mI (207436) BLE: subscribe: handle=16 cur_notif=1 cur_ind=0[0m
[0;32mI (207436) BLE: start security on subscribe[0m
[0;32mI (209786) BLE: enc change: status=1289[0m
[0;32mI (212786) BLE: subscribe: handle=16 cur_notif=0 cur_ind=0[0m
[0;32mI (212786) BLE: disconnect; reason=531[0m
[0;32mI (215786) NimBLE: GAP procedure initiated: advertise; [0m
[0;32mI (215786) NimBLE: disc_mode=2[0m
[0;32mI (215786) NimBLE:  adv_channel_map=0 own_addr_type=0 adv_filter_policy=0 adv_itvl_min=320 adv_itvl_max=352[0m
[0;32mI (215786) NimBLE: [0m

[0;32mI (215796) BLE: Advertising as "FAL_A0BD575E"[0m
[0;32mI (221236) BLE: connect ok; status=0[0m
[0;32mI (221806) BLE: subscribe: handle=16 cur_notif=1 cur_ind=0[0m
[0;32mI (221806) BLE: start security on subscribe[0m
[0;32mI (222446) BLE: subscribe: handle=16 cur_notif=0 cur_ind=0[0m
[0;32mI (224486) NimBLE: GAP procedure initiated: stop advertising.[0m

[0;32mI (224486) BLE: enc change: status=0[0m
[0;32mI (224496) NimBLE: GATT procedure initiated: notify; [0m
[0;32mI (224496) NimBLE: att_handle=16[0m

[0;32mI (224496) BLE: AUTHOK sent[0m
[0;32mI (225416) BLE: subscribe: handle=8 cur_notif=0 cur_ind=1[0m
[0;32mI (229586) BLE: subscribe: handle=8 cur_notif=0 cur_ind=0[0m
[0;32mI (229586) BLE: disconnect; reason=531[0m
[0;32mI (232586) NimBLE: GAP procedure initiated: advertise; [0m
[0;32mI (232586) NimBLE: disc_mode=2[0m
[0;32mI (232586) NimBLE:  adv_channel_map=0 own_addr_type=0 adv_filter_policy=0 adv_itvl_min=320 adv_itvl_max=352[0m
[0;32mI (232586) NimBLE: [0m

[0;32mI (232596) BLE: Advertising as "FAL_A0BD575E"[0m
[0;32mI (542396) BLE: connect ok; status=0[0m
[0;32mI (542576) BLE: enc change: status=0[0m
[0;32mI (542576) BLE: subscribe: handle=8 cur_notif=0 cur_ind=1[0m
[0;32mI (542586) NimBLE: GATT procedure initiated: notify; [0m
[0;32mI (542586) NimBLE: att_handle=16[0m

[0;32mI (542586) BLE: AUTHOK sent[0m
[0;32mI (542606) BLE: subscribe: handle=16 cur_notif=1 cur_ind=0[0m
[0;32mI (542636) NimBLE: GATT procedure initiated: notify; [0m
[0;32mI (542636) NimBLE: att_handle=16[0m

[0;32mI (542636) BLE: AUTHOK sent[0m
[0;32mI (542696) BLE: subscribe: handle=16 cur_notif=0 cur_ind=0[0m
[0;32mI (545336) BLE: RX(3): BYE[0m
[0;32mI (545336) NimBLE: GATT procedure initiated: notify; [0m
[0;32mI (545336) NimBLE: att_handle=16[0m

[0;32mI (545836) NimBLE: GAP procedure initiated: terminate connection; conn_handle=1 hci_reason=19[0m

[0;32mI (545846) BLE: subscribe: handle=8 cur_notif=0 cur_ind=0[0m
[0;32mI (545846) BLE: disconnect; reason=534[0m
[0;32mI (548846) NimBLE: GAP procedure initiated: advertise; [0m
[0;32mI (548846) NimBLE: disc_mode=2[0m
[0;32mI (548846) NimBLE:  adv_channel_map=0 own_addr_type=0 adv_filter_policy=0 adv_itvl_min=320 adv_itvl_max=352[0m
[0;32mI (548856) NimBLE: [0m

[0;32mI (548856) BLE: Advertising as "FAL_A0BD575E"[0m
ESP-ROM:esp32s3-20210327
Build:Mar 27 2021
rst:0x1 (POWERON),boot:0x8 (SPI_FAST_FLASH_BOOT)
SPIWP:0xee
mode:DIO, clock div:1
load:0x3fce2810,len:0x1564
load:0x403c8700,len:0x4
load:0x403c8704,len:0xd24
load:0x403cb700,len:0x2ed4
entry 0x403c8928
[0;32mI (27) boot: ESP-IDF v5.4.2-dirty 2nd stage bootloader[0m
[0;32mI (27) boot: compile time Aug 21 2025 17:15:17[0m
[0;32mI (27) boot: Multicore bootloader[0m
[0;32mI (28) boot: chip revision: v0.2[0m
[0;32mI (30) boot: efuse block revision: v1.3[0m
[0;32mI (34) boot.esp32s3: Boot SPI Speed : 80MHz[0m
[0;32mI (38) boot.esp32s3: SPI Mode       : DIO[0m
[0;32mI (42) boot.esp32s3: SPI Flash Size : 16MB[0m
[0;32mI (45) boot: Enabling RNG early entropy source...[0m
[0;32mI (50) boot: Partition Table:[0m
[0;32mI (52) boot: ## Label            Usage          Type ST Offset   Length[0m
[0;32mI (59) boot:  0 nvs              WiFi data        01 02 00009000 00006000[0m
[0;32mI (65) boot:  1 phy_init         RF data          01 01 0000f000 00001000[0m
[0;32mI (72) boot:  2 factory          factory app      00 00 00010000 00200000[0m
[0;32mI (78) boot:  3 ota_0            OTA app          00 10 00210000 00200000[0m
[0;32mI (85) boot:  4 ota_1            OTA app          00 11 00410000 00200000[0m
[0;32mI (91) boot:  5 storage          Unknown data     01 83 00610000 00100000[0m
[0;32mI (98) boot:  6 spiffs           Unknown data     01 82 00710000 00400000[0m
[0;32mI (104) boot:  7 userdata         Unknown data     01 84 00b10000 00100000[0m
[0;32mI (111) boot:  8 reserved         unknown          40 01 00c10000 003f0000[0m
[0;32mI (118) boot: End of partition table[0m
[0;32mI (121) esp_image: segment 0: paddr=00010020 vaddr=3c060020 size=17e5ch ( 97884) map[0m
[0;32mI (146) esp_image: segment 1: paddr=00027e84 vaddr=3fc9d200 size=04520h ( 17696) load[0m
[0;32mI (150) esp_image: segment 2: paddr=0002c3ac vaddr=40374000 size=03c6ch ( 15468) load[0m
[0;32mI (153) esp_image: segment 3: paddr=00030020 vaddr=42000020 size=5d8dch (383196) map[0m
[0;32mI (225) esp_image: segment 4: paddr=0008d904 vaddr=40377c6c size=15560h ( 87392) load[0m
[0;32mI (244) esp_image: segment 5: paddr=000a2e6c vaddr=600fe000 size=0001ch (    28) load[0m
[0;32mI (254) boot: Loaded app from partition at offset 0x10000[0m
[0;32mI (254) boot: Disabling RNG early entropy source...[0m
[0;32mI (264) octal_psram: vendor id    : 0x0d (AP)[0m
[0;32mI (264) octal_psram: dev id       : 0x02 (generation 3)[0m
[0;32mI (264) octal_psram: density      : 0x03 (64 Mbit)[0m
[0;32mI (266) octal_psram: good-die     : 0x01 (Pass)[0m
[0;32mI (271) octal_psram: Latency      : 0x01 (Fixed)[0m
[0;32mI (275) octal_psram: VCC          : 0x01 (3V)[0m
[0;32mI (279) octal_psram: SRF          : 0x01 (Fast Refresh)[0m
[0;32mI (284) octal_psram: BurstType    : 0x01 (Hybrid Wrap)[0m
[0;32mI (289) octal_psram: BurstLen     : 0x01 (32 Byte)[0m
[0;32mI (293) octal_psram: Readlatency  : 0x02 (10 cycles@Fixed)[0m
[0;32mI (298) octal_psram: DriveStrength: 0x00 (1/1)[0m
[0;32mI (303) esp_psram: Found 8MB PSRAM device[0m
[0;32mI (306) esp_psram: Speed: 40MHz[0m
[0;32mI (309) cpu_start: Multicore app[0m
[0;32mI (1043) esp_psram: SPI SRAM memory test OK[0m
[0;32mI (1052) cpu_start: Pro cpu start user code[0m
[0;32mI (1052) cpu_start: cpu freq: 240000000 Hz[0m
[0;32mI (1052) app_init: Application information:[0m
[0;32mI (1053) app_init: Project name:     wifi_station[0m
[0;32mI (1057) app_init: App version:      798c305-dirty[0m
[0;32mI (1061) app_init: Compile time:     Aug 26 2025 12:34:07[0m
[0;32mI (1067) app_init: ELF file SHA256:  2f125a841...[0m
[0;32mI (1071) app_init: ESP-IDF:          v5.4.2-dirty[0m
[0;32mI (1075) efuse_init: Min chip rev:     v0.0[0m
[0;32mI (1079) efuse_init: Max chip rev:     v0.99 [0m
[0;32mI (1083) efuse_init: Chip rev:         v0.2[0m
[0;32mI (1087) heap_init: Initializing. RAM available for dynamic allocation:[0m
[0;32mI (1094) heap_init: At 3FCA3CA8 len 00045A68 (278 KiB): RAM[0m
[0;32mI (1099) heap_init: At 3FCE9710 len 00005724 (21 KiB): RAM[0m
[0;32mI (1104) heap_init: At 3FCF0000 len 00008000 (32 KiB): DRAM[0m
[0;32mI (1109) heap_init: At 600FE01C len 00001FCC (7 KiB): RTCRAM[0m
[0;32mI (1115) esp_psram: Adding pool of 8192K of PSRAM memory to heap allocator[0m
[0;32mI (1122) spi_flash: detected chip: generic[0m
[0;32mI (1125) spi_flash: flash io: dio[0m
[0;32mI (1129) sleep_gpio: Configure to isolate all GPIO pins in sleep state[0m
[0;32mI (1135) sleep_gpio: Enable automatic switching of GPIO sleep configuration[0m
[0;32mI (1142) coexist: coex firmware version: 7b9a184[0m
[0;32mI (1165) coexist: coexist rom version e7ae62f[0m
[0;32mI (1166) main_task: Started on CPU0[0m
[0;32mI (1176) esp_psram: Reserving pool of 32K of internal memory for DMA/internal allocations[0m
[0;32mI (1176) main_task: Calling app_main()[0m
[0;32mI (1186) uart: queue free spaces: 30[0m
[0;32mI (1186) BLE: NVS SSID: 3718[0m
[0;32mI (1186) BLE: NVS PWD: 15362[0m
[0;32mI (1186) BLE: NVS CH: 1[0m
[0;32mI (1186) BLE: NVS SP: 1[0m
[0;32mI (1186) BLE_INIT: BT controller compile version [6cfabcd][0m
[0;32mI (1196) BLE_LOG: Succeeded to initialize upper layer task log![0m
[0;32mI (1196) gpio: GPIO[3]| InputEn: 0| OutputEn: 1| OpenDrain: 0| Pullup: 0| Pulldown: 0| Intr:0 [0m
[0;32mI (1206) BLE_LOG: Succeeded to initialize timestamp synchronizer![0m
[0;32mI (1216) BLE_LOG: Succeeded to initialize BLE log SPI output interface![0m
[0;32mI (1226) BLE_INIT: Feature Config, ADV:1, BLE_50:1, DTM:1, SCAN:1, CCA:0, SMP:1, CONNECT:1[0m
[0;32mI (1226) BLE_INIT: Bluetooth MAC: 30:ed:a0:bd:57:5e[0m
[0;32mI (1236) phy_init: phy_version 701,f4f1da3a,Mar  3 2025,15:50:10[0m
[0;32mI (1276) phy_init: Saving new calibration data due to checksum failure or outdated calibration data, mode(0)[0m
[0;32mI (1346) BLE: nimble host task start[0m
[0;32mI (1346) BLE: reg svc 0x1800 handle=1[0m
[0;32mI (1356) BLE: reg chr 0x2a00 def=2 val=3[0m
[0;32mI (1356) BLE: reg chr 0x2a01 def=4 val=5[0m
[0;32mI (1356) BLE: reg svc 0x1801 handle=6[0m
[0;32mI (1356) BLE: reg chr 0x2a05 def=7 val=8[0m
[0;32mI (1356) BLE: reg chr 0x2b3a def=10 val=11[0m
[0;32mI (1366) BLE: reg chr 0x2b29 def=12 val=13[0m
[0;32mI (1366) BLE: reg svc 0100bc9a-7856-3412-f0de-bc9a78563412 handle=14[0m
[0;32mI (1376) BLE: reg chr 00002211-eedd-ccbb-aa99-887766554433 def=15 val=16[0m
[0;32mI (1386) NimBLE: GAP procedure initiated: stop advertising.[0m

[0;32mI (1346) main_task: Returned from app_main()[0m
[0;32mI (1386) NimBLE: GAP procedure initiated: advertise; [0m
[0;32mI (1396) NimBLE: disc_mode=2[0m
[0;32mI (1396) NimBLE:  adv_channel_map=0 own_addr_type=0 adv_filter_policy=0 adv_itvl_min=320 adv_itvl_max=352[0m
[0;32mI (1406) NimBLE: [0m

[0;32mI (1406) BLE: Advertising as "FAL_A0BD575E"[0m
[0;32mI (5286) BLE: connect ok; status=0[0m
[0;32mI (5906) BLE: subscribe: handle=16 cur_notif=1 cur_ind=0[0m
[0;32mI (5906) BLE: start security on subscribe[0m
[0;32mI (7676) BLE: enc change: status=1289[0m
[0;32mI (10676) BLE: subscribe: handle=16 cur_notif=0 cur_ind=0[0m
[0;32mI (10676) BLE: disconnect; reason=531[0m
[0;32mI (13676) NimBLE: GAP procedure initiated: advertise; [0m
[0;32mI (13676) NimBLE: disc_mode=2[0m
[0;32mI (13676) NimBLE:  adv_channel_map=0 own_addr_type=0 adv_filter_policy=0 adv_itvl_min=320 adv_itvl_max=352[0m
[0;32mI (13676) NimBLE: [0m

[0;32mI (13686) BLE: Advertising as "FAL_A0BD575E"[0m
[0;32mI (13956) BLE: connect ok; status=0[0m
[0;32mI (14526) BLE: subscribe: handle=16 cur_notif=1 cur_ind=0[0m
[0;32mI (14526) BLE: start security on subscribe[0m
[0;32mI (16076) BLE: enc change: status=1289[0m
[0;32mI (19076) BLE: subscribe: handle=16 cur_notif=0 cur_ind=0[0m
[0;32mI (19076) BLE: disconnect; reason=531[0m
[0;32mI (22076) NimBLE: GAP procedure initiated: advertise; [0m
[0;32mI (22076) NimBLE: disc_mode=2[0m
[0;32mI (22076) NimBLE:  adv_channel_map=0 own_addr_type=0 adv_filter_policy=0 adv_itvl_min=320 adv_itvl_max=352[0m
[0;32mI (22076) NimBLE: [0m

[0;32mI (22086) BLE: Advertising as "FAL_A0BD575E"[0m
[0;32mI (22356) BLE: connect ok; status=0[0m
ESP-ROM:esp32s3-20210327
Build:Mar 27 2021
rst:0x1 (POWERON),boot:0x8 (SPI_FAST_FLASH_BOOT)
SPIWP:0xee
mode:DIO, clock div:1
load:0x3fce2810,len:0x1564
load:0x403c8700,len:0x4
load:0x403c8704,len:0xd24
load:0x403cb700,len:0x2ed4
entry 0x403c8928
[0;32mI (27) boot: ESP-IDF v5.4.2-dirty 2nd stage bootloader[0m
[0;32mI (27) boot: compile time Aug 21 2025 17:15:17[0m
[0;32mI (27) boot: Multicore bootloader[0m
[0;32mI (28) boot: chip revision: v0.2[0m
[0;32mI (30) boot: efuse block revision: v1.3[0m
[0;32mI (34) boot.esp32s3: Boot SPI Speed : 80MHz[0m
[0;32mI (38) boot.esp32s3: SPI Mode       : DIO[0m
[0;32mI (42) boot.esp32s3: SPI Flash Size : 16MB[0m
[0;32mI (45) boot: Enabling RNG early entropy source...[0m
[0;32mI (50) boot: Partition Table:[0m
[0;32mI (52) boot: ## Label            Usage          Type ST Offset   Length[0m
[0;32mI (59) boot:  0 nvs              WiFi data        01 02 00009000 00006000[0m
[0;32mI (65) boot:  1 phy_init         RF data          01 01 0000f000 00001000[0m
[0;32mI (72) boot:  2 factory          factory app      00 00 00010000 00200000[0m
[0;32mI (78) boot:  3 ota_0            OTA app          00 10 00210000 00200000[0m
[0;32mI (85) boot:  4 ota_1            OTA app          00 11 00410000 00200000[0m
[0;32mI (91) boot:  5 storage          Unknown data     01 83 00610000 00100000[0m
[0;32mI (98) boot:  6 spiffs           Unknown data     01 82 00710000 00400000[0m
[0;32mI (104) boot:  7 userdata         Unknown data     01 84 00b10000 00100000[0m
[0;32mI (111) boot:  8 reserved         unknown          40 01 00c10000 003f0000[0m
[0;32mI (118) boot: End of partition table[0m
[0;32mI (121) esp_image: segment 0: paddr=00010020 vaddr=3c060020 size=17e5ch ( 97884) map[0m
[0;32mI (146) esp_image: segment 1: paddr=00027e84 vaddr=3fc9d200 size=04520h ( 17696) load[0m
[0;32mI (150) esp_image: segment 2: paddr=0002c3ac vaddr=40374000 size=03c6ch ( 15468) load[0m
[0;32mI (153) esp_image: segment 3: paddr=00030020 vaddr=42000020 size=5d8dch (383196) map[0m
[0;32mI (225) esp_image: segment 4: paddr=0008d904 vaddr=40377c6c size=15560h ( 87392) load[0m
[0;32mI (244) esp_image: segment 5: paddr=000a2e6c vaddr=600fe000 size=0001ch (    28) load[0m
[0;32mI (254) boot: Loaded app from partition at offset 0x10000[0m
[0;32mI (254) boot: Disabling RNG early entropy source...[0m
[0;32mI (264) octal_psram: vendor id    : 0x0d (AP)[0m
[0;32mI (264) octal_psram: dev id       : 0x02 (generation 3)[0m
[0;32mI (264) octal_psram: density      : 0x03 (64 Mbit)[0m
[0;32mI (266) octal_psram: good-die     : 0x01 (Pass)[0m
[0;32mI (271) octal_psram: Latency      : 0x01 (Fixed)[0m
[0;32mI (275) octal_psram: VCC          : 0x01 (3V)[0m
[0;32mI (279) octal_psram: SRF          : 0x01 (Fast Refresh)[0m
[0;32mI (284) octal_psram: BurstType    : 0x01 (Hybrid Wrap)[0m
[0;32mI (289) octal_psram: BurstLen     : 0x01 (32 Byte)[0m
[0;32mI (293) octal_psram: Readlatency  : 0x02 (10 cycles@Fixed)[0m
[0;32mI (298) octal_psram: DriveStrength: 0x00 (1/1)[0m
[0;32mI (303) esp_psram: Found 8MB PSRAM device[0m
[0;32mI (306) esp_psram: Speed: 40MHz[0m
[0;32mI (309) cpu_start: Multicore app[0m
[0;32mI (1043) esp_psram: SPI SRAM memory test OK[0m
[0;32mI (1052) cpu_start: Pro cpu start user code[0m
[0;32mI (1052) cpu_start: cpu freq: 240000000 Hz[0m
[0;32mI (1052) app_init: Application information:[0m
[0;32mI (1053) app_init: Project name:     wifi_station[0m
[0;32mI (1057) app_init: App version:      798c305-dirty[0m
[0;32mI (1061) app_init: Compile time:     Aug 26 2025 12:34:07[0m
[0;32mI (1067) app_init: ELF file SHA256:  2f125a841...[0m
[0;32mI (1071) app_init: ESP-IDF:          v5.4.2-dirty[0m
[0;32mI (1075) efuse_init: Min chip rev:     v0.0[0m
[0;32mI (1079) efuse_init: Max chip rev:     v0.99 [0m
[0;32mI (1083) efuse_init: Chip rev:         v0.2[0m
[0;32mI (1087) heap_init: Initializing. RAM available for dynamic allocation:[0m
[0;32mI (1094) heap_init: At 3FCA3CA8 len 00045A68 (278 KiB): RAM[0m
[0;32mI (1099) heap_init: At 3FCE9710 len 00005724 (21 KiB): RAM[0m
[0;32mI (1104) heap_init: At 3FCF0000 len 00008000 (32 KiB): DRAM[0m
[0;32mI (1109) heap_init: At 600FE01C len 00001FCC (7 KiB): RTCRAM[0m
[0;32mI (1115) esp_psram: Adding pool of 8192K of PSRAM memory to heap allocator[0m
[0;32mI (1122) spi_flash: detected chip: generic[0m
[0;32mI (1125) spi_flash: flash io: dio[0m
[0;32mI (1129) sleep_gpio: Configure to isolate all GPIO pins in sleep state[0m
[0;32mI (1135) sleep_gpio: Enable automatic switching of GPIO sleep configuration[0m
[0;32mI (1142) coexist: coex firmware version: 7b9a184[0m
[0;32mI (1165) coexist: coexist rom version e7ae62f[0m
[0;32mI (1166) main_task: Started on CPU0[0m
[0;32mI (1176) esp_psram: Reserving pool of 32K of internal memory for DMA/internal allocations[0m
[0;32mI (1176) main_task: Calling app_main()[0m
[0;32mI (1186) uart: queue free spaces: 30[0m
[0;32mI (1186) BLE: NVS SSID: 3718[0m
[0;32mI (1186) BLE: NVS PWD: 15362[0m
[0;32mI (1186) BLE: NVS CH: 1[0m
[0;32mI (1186) BLE: NVS SP: 1[0m
[0;32mI (1186) BLE_INIT: BT controller compile version [6cfabcd][0m
[0;32mI (1196) BLE_LOG: Succeeded to initialize upper layer task log![0m
[0;32mI (1196) gpio: GPIO[3]| InputEn: 0| OutputEn: 1| OpenDrain: 0| Pullup: 0| Pulldown: 0| Intr:0 [0m
[0;32mI (1206) BLE_LOG: Succeeded to initialize timestamp synchronizer![0m
[0;32mI (1216) BLE_LOG: Succeeded to initialize BLE log SPI output interface![0m
[0;32mI (1226) BLE_INIT: Feature Config, ADV:1, BLE_50:1, DTM:1, SCAN:1, CCA:0, SMP:1, CONNECT:1[0m
[0;32mI (1226) BLE_INIT: Bluetooth MAC: 30:ed:a0:bd:57:5e[0m
[0;32mI (1236) phy_init: phy_version 701,f4f1da3a,Mar  3 2025,15:50:10[0m
[0;32mI (1276) phy_init: Saving new calibration data due to checksum failure or outdated calibration data, mode(0)[0m
[0;32mI (1296) BLE: nimble host task start[0m
[0;32mI (1296) BLE: reg svc 0x1800 handle=1[0m
[0;32mI (1296) BLE: reg chr 0x2a00 def=2 val=3[0m
[0;32mI (1296) BLE: reg chr 0x2a01 def=4 val=5[0m
[0;32mI (1296) BLE: reg svc 0x1801 handle=6[0m
[0;32mI (1296) BLE: reg chr 0x2a05 def=7 val=8[0m
[0;32mI (1306) BLE: reg chr 0x2b3a def=10 val=11[0m
[0;32mI (1306) BLE: reg chr 0x2b29 def=12 val=13[0m
[0;32mI (1306) BLE: reg svc 0100bc9a-7856-3412-f0de-bc9a78563412 handle=14[0m
[0;32mI (1316) BLE: reg chr 00002211-eedd-ccbb-aa99-887766554433 def=15 val=16[0m
[0;32mI (1326) NimBLE: GAP procedure initiated: stop advertising.[0m

[0;32mI (1326) NimBLE: GAP procedure initiated: advertise; [0m
[0;32mI (1336) NimBLE: disc_mode=2[0m
[0;32mI (1336) NimBLE:  adv_channel_map=0 own_addr_type=0 adv_filter_policy=0 adv_itvl_min=320 adv_itvl_max=352[0m
[0;32mI (1346) NimBLE: [0m

[0;32mI (1346) BLE: Advertising as "FAL_A0BD575E"[0m
[0;32mI (1296) main_task: Returned from app_main()[0m
[0;32mI (5226) BLE: connect ok; status=0[0m
[0;32mI (5846) BLE: subscribe: handle=16 cur_notif=1 cur_ind=0[0m
[0;32mI (5846) BLE: start security on subscribe[0m
[0;32mI (7046) BLE: enc change: status=1289[0m
[0;32mI (10046) BLE: subscribe: handle=16 cur_notif=0 cur_ind=0[0m
[0;32mI (10046) BLE: disconnect; reason=531[0m
[0;32mI (13046) NimBLE: GAP procedure initiated: advertise; [0m
[0;32mI (13046) NimBLE: disc_mode=2[0m
[0;32mI (13046) NimBLE:  adv_channel_map=0 own_addr_type=0 adv_filter_policy=0 adv_itvl_min=320 adv_itvl_max=352[0m
[0;32mI (13046) NimBLE: [0m

[0;32mI (13056) BLE: Advertising as "FAL_A0BD575E"[0m
[0;32mI (21186) BLE: connect ok; status=0[0m
[0;32mI (21756) BLE: RX(3): BYE[0m
[0;32mI (21756) NimBLE: GATT procedure initiated: notify; [0m
[0;32mI (21756) NimBLE: att_handle=16[0m

[0;32mI (22256) NimBLE: GAP procedure initiated: terminate connection; conn_handle=1 hci_reason=19[0m

[0;32mI (22256) BLE: disconnect; reason=534[0m
[0;32mI (25256) NimBLE: GAP procedure initiated: advertise; [0m
[0;32mI (25256) NimBLE: disc_mode=2[0m
[0;32mI (25256) NimBLE:  adv_channel_map=0 own_addr_type=0 adv_filter_policy=0 adv_itvl_min=320 adv_itvl_max=352[0m
[0;32mI (25256) NimBLE: [0m

[0;32mI (25266) BLE: Advertising as "FAL_A0BD575E"[0m
[0;32mI (45516) BLE: connect ok; status=0[0m
[0;32mI (46106) BLE: subscribe: handle=16 cur_notif=1 cur_ind=0[0m
[0;32mI (46106) BLE: start security on subscribe[0m
[0;32mI (48566) NimBLE: GAP procedure initiated: stop advertising.[0m

[0;32mI (48566) BLE: enc change: status=0[0m
[0;32mI (48576) NimBLE: GATT procedure initiated: notify; [0m
[0;32mI (48576) NimBLE: att_handle=16[0m

[0;32mI (48576) BLE: AUTHOK sent[0m
[0;32mI (48626) BLE: subscribe: handle=16 cur_notif=0 cur_ind=0[0m
[0;32mI (49526) BLE: subscribe: handle=8 cur_notif=0 cur_ind=1[0m
[0;32mI (51086) BLE: RX(3): BYE[0m
[0;32mI (51086) NimBLE: GATT procedure initiated: notify; [0m
[0;32mI (51086) NimBLE: att_handle=16[0m

[0;32mI (51586) NimBLE: GAP procedure initiated: terminate connection; conn_handle=1 hci_reason=19[0m

[0;32mI (51596) BLE: subscribe: handle=8 cur_notif=0 cur_ind=0[0m
[0;32mI (51596) BLE: disconnect; reason=534[0m
[0;32mI (54596) NimBLE: GAP procedure initiated: advertise; [0m
[0;32mI (54596) NimBLE: disc_mode=2[0m
[0;32mI (54596) NimBLE:  adv_channel_map=0 own_addr_type=0 adv_filter_policy=0 adv_itvl_min=320 adv_itvl_max=352[0m
[0;32mI (54596) NimBLE: [0m

[0;32mI (54606) BLE: Advertising as "FAL_A0BD575E"[0m
[0;32mI (57576) BLE: connect ok; status=0[0m
[0;32mI (57786) BLE: enc change: status=0[0m
[0;32mI (57786) BLE: subscribe: handle=8 cur_notif=0 cur_ind=1[0m
[0;32mI (57796) NimBLE: GATT procedure initiated: notify; [0m
[0;32mI (57796) NimBLE: att_handle=16[0m

[0;32mI (57796) BLE: AUTHOK sent[0m
[0;32mI (57816) BLE: subscribe: handle=16 cur_notif=1 cur_ind=0[0m
[0;32mI (57856) NimBLE: GATT procedure initiated: notify; [0m
[0;32mI (57856) NimBLE: att_handle=16[0m

[0;32mI (57856) BLE: AUTHOK sent[0m
[0;32mI (57906) BLE: subscribe: handle=16 cur_notif=0 cur_ind=0[0m
[0;32mI (60246) BLE: RX(3): BYE[0m
[0;32mI (60246) NimBLE: GATT procedure initiated: notify; [0m
[0;32mI (60246) NimBLE: att_handle=16[0m

[0;32mI (60746) NimBLE: GAP procedure initiated: terminate connection; conn_handle=1 hci_reason=19[0m

[0;32mI (60756) BLE: subscribe: handle=8 cur_notif=0 cur_ind=0[0m
[0;32mI (60756) BLE: disconnect; reason=534[0m
[0;32mI (63766) NimBLE: GAP procedure initiated: advertise; [0m
[0;32mI (63766) NimBLE: disc_mode=2[0m
[0;32mI (63766) NimBLE:  adv_channel_map=0 own_addr_type=0 adv_filter_policy=0 adv_itvl_min=320 adv_itvl_max=352[0m
[0;32mI (63766) NimBLE: [0m

[0;32mI (63766) BLE: Advertising as "FAL_A0BD575E"[0m
[0;32mI (76626) BLE: connect ok; status=0[0m
[0;32mI (77196) BLE: subscribe: handle=16 cur_notif=1 cur_ind=0[0m
[0;32mI (77196) BLE: start security on subscribe[0m
[0;32mI (92216) BLE: subscribe: handle=16 cur_notif=0 cur_ind=0[0m
ESP-ROM:esp32s3-20210327
Build:Mar 27 2021
rst:0x1 (POWERON),boot:0x8 (SPI_FAST_FLASH_BOOT)
SPIWP:0xee
mode:DIO, clock div:1
load:0x3fce2810,len:0x1564
load:0x403c8700,len:0x4
load:0x403c8704,len:0xd24
load:0x403cb700,len:0x2ed4
entry 0x403c8928
[0;32mI (27) boot: ESP-IDF v5.4.2-dirty 2nd stage bootloader[0m
[0;32mI (27) boot: compile time Aug 21 2025 17:15:17[0m
[0;32mI (27) boot: Multicore bootloader[0m
[0;32mI (28) boot: chip revision: v0.2[0m
[0;32mI (30) boot: efuse block revision: v1.3[0m
[0;32mI (34) boot.esp32s3: Boot SPI Speed : 80MHz[0m
[0;32mI (38) boot.esp32s3: SPI Mode       : DIO[0m
[0;32mI (42) boot.esp32s3: SPI Flash Size : 16MB[0m
[0;32mI (45) boot: Enabling RNG early entropy source...[0m
[0;32mI (50) boot: Partition Table:[0m
[0;32mI (52) boot: ## Label            Usage          Type ST Offset   Length[0m
[0;32mI (59) boot:  0 nvs              WiFi data        01 02 00009000 00006000[0m
[0;32mI (65) boot:  1 phy_init         RF data          01 01 0000f000 00001000[0m
[0;32mI (72) boot:  2 factory          factory app      00 00 00010000 00200000[0m
[0;32mI (78) boot:  3 ota_0            OTA app          00 10 00210000 00200000[0m
[0;32mI (85) boot:  4 ota_1            OTA app          00 11 00410000 00200000[0m
[0;32mI (91) boot:  5 storage          Unknown data     01 83 00610000 00100000[0m
[0;32mI (98) boot:  6 spiffs           Unknown data     01 82 00710000 00400000[0m
[0;32mI (104) boot:  7 userdata         Unknown data     01 84 00b10000 00100000[0m
[0;32mI (111) boot:  8 reserved         unknown          40 01 00c10000 003f0000[0m
[0;32mI (118) boot: End of partition table[0m
[0;32mI (121) esp_image: segment 0: paddr=00010020 vaddr=3c060020 size=17e5ch ( 97884) map[0m
[0;32mI (146) esp_image: segment 1: paddr=00027e84 vaddr=3fc9d200 size=04520h ( 17696) load[0m
[0;32mI (150) esp_image: segment 2: paddr=0002c3ac vaddr=40374000 size=03c6ch ( 15468) load[0m
[0;32mI (153) esp_image: segment 3: paddr=00030020 vaddr=42000020 size=5d8dch (383196) map[0m
[0;32mI (225) esp_image: segment 4: paddr=0008d904 vaddr=40377c6c size=15560h ( 87392) load[0m
[0;32mI (244) esp_image: segment 5: paddr=000a2e6c vaddr=600fe000 size=0001ch (    28) load[0m
[0;32mI (254) boot: Loaded app from partition at offset 0x10000[0m
[0;32mI (254) boot: Disabling RNG early entropy source...[0m
[0;32mI (264) octal_psram: vendor id    : 0x0d (AP)[0m
[0;32mI (264) octal_psram: dev id       : 0x02 (generation 3)[0m
[0;32mI (264) octal_psram: density      : 0x03 (64 Mbit)[0m
[0;32mI (266) octal_psram: good-die     : 0x01 (Pass)[0m
[0;32mI (271) octal_psram: Latency      : 0x01 (Fixed)[0m
[0;32mI (275) octal_psram: VCC          : 0x01 (3V)[0m
[0;32mI (279) octal_psram: SRF          : 0x01 (Fast Refresh)[0m
[0;32mI (284) octal_psram: BurstType    : 0x01 (Hybrid Wrap)[0m
[0;32mI (289) octal_psram: BurstLen     : 0x01 (32 Byte)[0m
[0;32mI (293) octal_psram: Readlatency  : 0x02 (10 cycles@Fixed)[0m
[0;32mI (298) octal_psram: DriveStrength: 0x00 (1/1)[0m
[0;32mI (303) esp_psram: Found 8MB PSRAM device[0m
[0;32mI (306) esp_psram: Speed: 40MHz[0m
[0;32mI (309) cpu_start: Multicore app[0m
[0;32mI (1043) esp_psram: SPI SRAM memory test OK[0m
[0;32mI (1052) cpu_start: Pro cpu start user code[0m
[0;32mI (1052) cpu_start: cpu freq: 240000000 Hz[0m
[0;32mI (1052) app_init: Application information:[0m
[0;32mI (1053) app_init: Project name:     wifi_station[0m
[0;32mI (1057) app_init: App version:      798c305-dirty[0m
[0;32mI (1061) app_init: Compile time:     Aug 26 2025 12:34:07[0m
[0;32mI (1067) app_init: ELF file SHA256:  2f125a841...[0m
[0;32mI (1071) app_init: ESP-IDF:          v5.4.2-dirty[0m
[0;32mI (1075) efuse_init: Min chip rev:     v0.0[0m
[0;32mI (1079) efuse_init: Max chip rev:     v0.99 [0m
[0;32mI (1083) efuse_init: Chip rev:         v0.2[0m
[0;32mI (1087) heap_init: Initializing. RAM available for dynamic allocation:[0m
[0;32mI (1094) heap_init: At 3FCA3CA8 len 00045A68 (278 KiB): RAM[0m
[0;32mI (1099) heap_init: At 3FCE9710 len 00005724 (21 KiB): RAM[0m
[0;32mI (1104) heap_init: At 3FCF0000 len 00008000 (32 KiB): DRAM[0m
[0;32mI (1109) heap_init: At 600FE01C len 00001FCC (7 KiB): RTCRAM[0m
[0;32mI (1115) esp_psram: Adding pool of 8192K of PSRAM memory to heap allocator[0m
[0;32mI (1122) spi_flash: detected chip: generic[0m
[0;32mI (1125) spi_flash: flash io: dio[0m
[0;32mI (1129) sleep_gpio: Configure to isolate all GPIO pins in sleep state[0m
[0;32mI (1135) sleep_gpio: Enable automatic switching of GPIO sleep configuration[0m
[0;32mI (1142) coexist: coex firmware version: 7b9a184[0m
[0;32mI (1165) coexist: coexist rom version e7ae62f[0m
[0;32mI (1166) main_task: Started on CPU0[0m
[0;32mI (1176) esp_psram: Reserving pool of 32K of internal memory for DMA/internal allocations[0m
[0;32mI (1176) main_task: Calling app_main()[0m
[0;32mI (1186) uart: queue free spaces: 30[0m
[0;32mI (1186) BLE: NVS SSID: 3718[0m
[0;32mI (1186) BLE: NVS PWD: 15362[0m
[0;32mI (1186) BLE: NVS CH: 1[0m
[0;32mI (1186) BLE: NVS SP: 1[0m
[0;32mI (1186) BLE_INIT: BT controller compile version [6cfabcd][0m
[0;32mI (1196) BLE_LOG: Succeeded to initialize upper layer task log![0m
[0;32mI (1196) gpio: GPIO[3]| InputEn: 0| OutputEn: 1| OpenDrain: 0| Pullup: 0| Pulldown: 0| Intr:0 [0m
[0;32mI (1206) BLE_LOG: Succeeded to initialize timestamp synchronizer![0m
[0;32mI (1216) BLE_LOG: Succeeded to initialize BLE log SPI output interface![0m
[0;32mI (1226) BLE_INIT: Feature Config, ADV:1, BLE_50:1, DTM:1, SCAN:1, CCA:0, SMP:1, CONNECT:1[0m
[0;32mI (1226) BLE_INIT: Bluetooth MAC: 30:ed:a0:bd:57:5e[0m
[0;32mI (1236) phy_init: phy_version 701,f4f1da3a,Mar  3 2025,15:50:10[0m
[0;32mI (1276) phy_init: Saving new calibration data due to checksum failure or outdated calibration data, mode(0)[0m
[0;32mI (1346) BLE: nimble host task start[0m
[0;32mI (1346) BLE: reg svc 0x1800 handle=1[0m
[0;32mI (1346) BLE: reg chr 0x2a00 def=2 val=3[0m
[0;32mI (1356) BLE: reg chr 0x2a01 def=4 val=5[0m
[0;32mI (1356) BLE: reg svc 0x1801 handle=6[0m
[0;32mI (1356) BLE: reg chr 0x2a05 def=7 val=8[0m
[0;32mI (1356) BLE: reg chr 0x2b3a def=10 val=11[0m
[0;32mI (1366) BLE: reg chr 0x2b29 def=12 val=13[0m
[0;32mI (1366) BLE: reg svc 0100bc9a-7856-3412-f0de-bc9a78563412 handle=14[0m
[0;32mI (1376) BLE: reg chr 00002211-eedd-ccbb-aa99-887766554433 def=15 val=16[0m
[0;32mI (1386) NimBLE: GAP procedure initiated: stop advertising.[0m

[0;32mI (1386) NimBLE: GAP procedure initiated: advertise; [0m
[0;32mI (1386) NimBLE: disc_mode=2[0m
[0;32mI (1396) NimBLE:  adv_channel_map=0 own_addr_type=0 adv_filter_policy=0 adv_itvl_min=320 adv_itvl_max=352[0m
[0;32mI (1406) NimBLE: [0m

[0;32mI (1406) BLE: Advertising as "FAL_A0BD575E"[0m
[0;32mI (1346) main_task: Returned from app_main()[0m
[0;32mI (6636) BLE: connect ok; status=0[0m
[0;32mI (7206) BLE: subscribe: handle=16 cur_notif=1 cur_ind=0[0m
[0;32mI (7206) BLE: start security on subscribe[0m
[0;32mI (9536) NimBLE: GAP procedure initiated: stop advertising.[0m

[0;32mI (9536) BLE: enc change: status=0[0m
[0;32mI (9546) NimBLE: GATT procedure initiated: notify; [0m
[0;32mI (9546) NimBLE: att_handle=16[0m

[0;32mI (9546) BLE: AUTHOK sent[0m
[0;32mI (9596) BLE: subscribe: handle=16 cur_notif=0 cur_ind=0[0m
[0;32mI (10496) BLE: subscribe: handle=8 cur_notif=0 cur_ind=1[0m
[0;32mI (12236) BLE: RX(3): BYE[0m
[0;32mI (12236) NimBLE: GATT procedure initiated: notify; [0m
[0;32mI (12236) NimBLE: att_handle=16[0m

[0;32mI (12736) NimBLE: GAP procedure initiated: terminate connection; conn_handle=1 hci_reason=19[0m

[0;32mI (12746) BLE: subscribe: handle=8 cur_notif=0 cur_ind=0[0m
[0;32mI (12746) BLE: disconnect; reason=534[0m
[0;32mI (15746) NimBLE: GAP procedure initiated: advertise; [0m
[0;32mI (15746) NimBLE: disc_mode=2[0m
[0;32mI (15746) NimBLE:  adv_channel_map=0 own_addr_type=0 adv_filter_policy=0 adv_itvl_min=320 adv_itvl_max=352[0m
[0;32mI (15746) NimBLE: [0m

[0;32mI (15756) BLE: Advertising as "FAL_A0BD575E"[0m
[0;32mI (19206) BLE: connect ok; status=0[0m
[0;32mI (19386) BLE: enc change: status=0[0m
[0;32mI (19386) BLE: subscribe: handle=8 cur_notif=0 cur_ind=1[0m
[0;32mI (19396) NimBLE: GATT procedure initiated: notify; [0m
[0;32mI (19396) NimBLE: att_handle=16[0m

[0;32mI (19396) BLE: AUTHOK sent[0m
[0;32mI (19416) BLE: subscribe: handle=16 cur_notif=1 cur_ind=0[0m
[0;32mI (19446) NimBLE: GATT procedure initiated: notify; [0m
[0;32mI (19446) NimBLE: att_handle=16[0m

[0;32mI (19456) BLE: AUTHOK sent[0m
[0;32mI (19506) BLE: subscribe: handle=16 cur_notif=0 cur_ind=0[0m
[0;32mI (21396) BLE: RX(3): BYE[0m
[0;32mI (21396) NimBLE: GATT procedure initiated: notify; [0m
[0;32mI (21396) NimBLE: att_handle=16[0m

[0;32mI (21896) NimBLE: GAP procedure initiated: terminate connection; conn_handle=1 hci_reason=19[0m

[0;32mI (21906) BLE: subscribe: handle=8 cur_notif=0 cur_ind=0[0m
[0;32mI (21906) BLE: disconnect; reason=534[0m
[0;32mI (24916) NimBLE: GAP procedure initiated: advertise; [0m
[0;32mI (24916) NimBLE: disc_mode=2[0m
[0;32mI (24916) NimBLE:  adv_channel_map=0 own_addr_type=0 adv_filter_policy=0 adv_itvl_min=320 adv_itvl_max=352[0m
[0;32mI (24916) NimBLE: [0m

[0;32mI (24916) BLE: Advertising as "FAL_A0BD575E"[0m
[0;32mI (36216) BLE: connect ok; status=0[0m
[0;32mI (36396) BLE: enc change: status=0[0m
[0;32mI (36396) BLE: subscribe: handle=8 cur_notif=0 cur_ind=1[0m
[0;32mI (36406) NimBLE: GATT procedure initiated: notify; [0m
[0;32mI (36406) NimBLE: att_handle=16[0m

[0;32mI (36406) BLE: AUTHOK sent[0m
[0;32mI (36426) BLE: subscribe: handle=16 cur_notif=1 cur_ind=0[0m
[0;32mI (36456) NimBLE: GATT procedure initiated: notify; [0m
[0;32mI (36466) NimBLE: att_handle=16[0m

[0;32mI (36466) BLE: AUTHOK sent[0m
[0;32mI (36576) BLE: subscribe: handle=16 cur_notif=0 cur_ind=0[0m
[0;32mI (38316) BLE: RX(3): BYE[0m
[0;32mI (38316) NimBLE: GATT procedure initiated: notify; [0m
[0;32mI (38316) NimBLE: att_handle=16[0m

[0;32mI (38816) NimBLE: GAP procedure initiated: terminate connection; conn_handle=1 hci_reason=19[0m

[0;32mI (38826) BLE: subscribe: handle=8 cur_notif=0 cur_ind=0[0m
[0;32mI (38826) BLE: disconnect; reason=534[0m
[0;32mI (41836) NimBLE: GAP procedure initiated: advertise; [0m
[0;32mI (41836) NimBLE: disc_mode=2[0m
[0;32mI (41836) NimBLE:  adv_channel_map=0 own_addr_type=0 adv_filter_policy=0 adv_itvl_min=320 adv_itvl_max=352[0m
[0;32mI (41836) NimBLE: [0m

[0;32mI (41836) BLE: Advertising as "FAL_A0BD575E"[0m
[0;32mI (183466) BLE: connect ok; status=0[0m
[0;32mI (183646) BLE: enc change: status=0[0m
[0;32mI (183646) BLE: subscribe: handle=8 cur_notif=0 cur_ind=1[0m
[0;32mI (183656) NimBLE: GATT procedure initiated: notify; [0m
[0;32mI (183656) NimBLE: att_handle=16[0m

[0;32mI (183656) BLE: AUTHOK sent[0m
[0;32mI (183676) BLE: subscribe: handle=16 cur_notif=1 cur_ind=0[0m
[0;32mI (183706) NimBLE: GATT procedure initiated: notify; [0m
[0;32mI (183706) NimBLE: att_handle=16[0m

[0;32mI (183706) BLE: AUTHOK sent[0m
[0;32mI (183766) BLE: subscribe: handle=16 cur_notif=0 cur_ind=0[0m
[0;32mI (185746) BLE: RX(3): BYE[0m
[0;32mI (185746) NimBLE: GATT procedure initiated: notify; [0m
[0;32mI (185746) NimBLE: att_handle=16[0m

[0;32mI (186246) NimBLE: GAP procedure initiated: terminate connection; conn_handle=1 hci_reason=19[0m

[0;32mI (186256) BLE: subscribe: handle=8 cur_notif=0 cur_ind=0[0m
[0;32mI (186256) BLE: disconnect; reason=534[0m
[0;32mI (189256) NimBLE: GAP procedure initiated: advertise; [0m
[0;32mI (189256) NimBLE: disc_mode=2[0m
[0;32mI (189256) NimBLE:  adv_channel_map=0 own_addr_type=0 adv_filter_policy=0 adv_itvl_min=320 adv_itvl_max=352[0m
[0;32mI (189256) NimBLE: [0m

[0;32mI (189266) BLE: Advertising as "FAL_A0BD575E"[0m
[0;32mI (243376) BLE: connect ok; status=0[0m
[0;32mI (243556) BLE: enc change: status=0[0m
[0;32mI (243556) BLE: subscribe: handle=8 cur_notif=0 cur_ind=1[0m
[0;32mI (243566) NimBLE: GATT procedure initiated: notify; [0m
[0;32mI (243566) NimBLE: att_handle=16[0m

[0;32mI (243566) BLE: AUTHOK sent[0m
[0;32mI (243586) BLE: subscribe: handle=16 cur_notif=1 cur_ind=0[0m
[0;32mI (243616) NimBLE: GATT procedure initiated: notify; [0m
[0;32mI (243616) NimBLE: att_handle=16[0m

[0;32mI (243616) BLE: AUTHOK sent[0m
[0;32mI (243676) BLE: subscribe: handle=16 cur_notif=0 cur_ind=0[0m
[0;32mI (345856) BLE: RX(3): BYE[0m
[0;32mI (345856) NimBLE: GATT procedure initiated: notify; [0m
[0;32mI (345856) NimBLE: att_handle=16[0m

[0;32mI (346356) NimBLE: GAP procedure initiated: terminate connection; conn_handle=1 hci_reason=19[0m

[0;32mI (346366) BLE: subscribe: handle=8 cur_notif=0 cur_ind=0[0m
[0;32mI (346366) BLE: disconnect; reason=534[0m
[0;32mI (349366) NimBLE: GAP procedure initiated: advertise; [0m
[0;32mI (349366) NimBLE: disc_mode=2[0m
[0;32mI (349366) NimBLE:  adv_channel_map=0 own_addr_type=0 adv_filter_policy=0 adv_itvl_min=320 adv_itvl_max=352[0m
[0;32mI (349376) NimBLE: [0m

[0;32mI (349376) BLE: Advertising as "FAL_A0BD575E"[0m
[0;32mI (350986) BLE: connect ok; status=0[0m
[0;32mI (351166) BLE: enc change: status=0[0m
[0;32mI (351166) BLE: subscribe: handle=8 cur_notif=0 cur_ind=1[0m
[0;32mI (351176) NimBLE: GATT procedure initiated: notify; [0m
[0;32mI (351176) NimBLE: att_handle=16[0m

[0;32mI (351176) BLE: AUTHOK sent[0m
[0;32mI (351196) BLE: subscribe: handle=16 cur_notif=1 cur_ind=0[0m
[0;32mI (351226) NimBLE: GATT procedure initiated: notify; [0m
[0;32mI (351226) NimBLE: att_handle=16[0m

[0;32mI (351226) BLE: AUTHOK sent[0m
[0;32mI (351286) BLE: subscribe: handle=16 cur_notif=0 cur_ind=0[0m
[0;32mI (353536) BLE: RX(3): BYE[0m
[0;32mI (353536) NimBLE: GATT procedure initiated: notify; [0m
[0;32mI (353536) NimBLE: att_handle=16[0m

[0;32mI (354036) NimBLE: GAP procedure initiated: terminate connection; conn_handle=1 hci_reason=19[0m

[0;32mI (354046) BLE: subscribe: handle=8 cur_notif=0 cur_ind=0[0m
[0;32mI (354046) BLE: disconnect; reason=534[0m
[0;32mI (357046) NimBLE: GAP procedure initiated: advertise; [0m
[0;32mI (357046) NimBLE: disc_mode=2[0m
[0;32mI (357046) NimBLE:  adv_channel_map=0 own_addr_type=0 adv_filter_policy=0 adv_itvl_min=320 adv_itvl_max=352[0m
[0;32mI (357056) NimBLE: [0m

[0;32mI (357056) BLE: Advertising as "FAL_A0BD575E"[0m
ESP-ROM:esp32s3-20210327
Build:Mar 27 2021
rst:0x1 (POWERON),boot:0x8 (SPI_FAST_FLASH_BOOT)
SPIWP:0xee
mode:DIO, clock div:1
load:0x3fce2810,len:0x1564
load:0x403c8700,len:0x4
load:0x403c8704,len:0xd24
load:0x403cb700,len:0x2ed4
entry 0x403c8928
[0;32mI (27) boot: ESP-IDF v5.4.2-dirty 2nd stage bootloader[0m
[0;32mI (27) boot: compile time Aug 21 2025 17:15:17[0m
[0;32mI (27) boot: Multicore bootloader[0m
[0;32mI (28) boot: chip revision: v0.2[0m
[0;32mI (30) boot: efuse block revision: v1.3[0m
[0;32mI (34) boot.esp32s3: Boot SPI Speed : 80MHz[0m
[0;32mI (38) boot.esp32s3: SPI Mode       : DIO[0m
[0;32mI (42) boot.esp32s3: SPI Flash Size : 16MB[0m
[0;32mI (45) boot: Enabling RNG early entropy source...[0m
[0;32mI (50) boot: Partition Table:[0m
[0;32mI (52) boot: ## Label            Usage          Type ST Offset   Length[0m
[0;32mI (59) boot:  0 nvs              WiFi data        01 02 00009000 00006000[0m
[0;32mI (65) boot:  1 phy_init         RF data          01 01 0000f000 00001000[0m
[0;32mI (72) boot:  2 factory          factory app      00 00 00010000 00200000[0m
[0;32mI (78) boot:  3 ota_0            OTA app          00 10 00210000 00200000[0m
[0;32mI (85) boot:  4 ota_1            OTA app          00 11 00410000 00200000[0m
[0;32mI (91) boot:  5 storage          Unknown data     01 83 00610000 00100000[0m
[0;32mI (98) boot:  6 spiffs           Unknown data     01 82 00710000 00400000[0m
[0;32mI (104) boot:  7 userdata         Unknown data     01 84 00b10000 00100000[0m
[0;32mI (111) boot:  8 reserved         unknown          40 01 00c10000 003f0000[0m
[0;32mI (118) boot: End of partition table[0m
[0;32mI (121) esp_image: segment 0: paddr=00010020 vaddr=3c060020 size=17e5ch ( 97884) map[0m
[0;32mI (146) esp_image: segment 1: paddr=00027e84 vaddr=3fc9d200 size=04520h ( 17696) load[0m
[0;32mI (150) esp_image: segment 2: paddr=0002c3ac vaddr=40374000 size=03c6ch ( 15468) load[0m
[0;32mI (153) esp_image: segment 3: paddr=00030020 vaddr=42000020 size=5d8dch (383196) map[0m
[0;32mI (225) esp_image: segment 4: paddr=0008d904 vaddr=40377c6c size=15560h ( 87392) load[0m
[0;32mI (244) esp_image: segment 5: paddr=000a2e6c vaddr=600fe000 size=0001ch (    28) load[0m
[0;32mI (254) boot: Loaded app from partition at offset 0x10000[0m
[0;32mI (254) boot: Disabling RNG early entropy source...[0m
[0;32mI (264) octal_psram: vendor id    : 0x0d (AP)[0m
[0;32mI (264) octal_psram: dev id       : 0x02 (generation 3)[0m
[0;32mI (264) octal_psram: density      : 0x03 (64 Mbit)[0m
[0;32mI (266) octal_psram: good-die     : 0x01 (Pass)[0m
[0;32mI (271) octal_psram: Latency      : 0x01 (Fixed)[0m
[0;32mI (275) octal_psram: VCC          : 0x01 (3V)[0m
[0;32mI (279) octal_psram: SRF          : 0x01 (Fast Refresh)[0m
[0;32mI (284) octal_psram: BurstType    : 0x01 (Hybrid Wrap)[0m
[0;32mI (289) octal_psram: BurstLen     : 0x01 (32 Byte)[0m
[0;32mI (293) octal_psram: Readlatency  : 0x02 (10 cycles@Fixed)[0m
[0;32mI (298) octal_psram: DriveStrength: 0x00 (1/1)[0m
[0;32mI (303) esp_psram: Found 8MB PSRAM device[0m
[0;32mI (306) esp_psram: Speed: 40MHz[0m
[0;32mI (309) cpu_start: Multicore app[0m
[0;32mI (1043) esp_psram: SPI SRAM memory test OK[0m
[0;32mI (1052) cpu_start: Pro cpu start user code[0m
[0;32mI (1052) cpu_start: cpu freq: 240000000 Hz[0m
[0;32mI (1052) app_init: Application information:[0m
[0;32mI (1053) app_init: Project name:     wifi_station[0m
[0;32mI (1057) app_init: App version:      798c305-dirty[0m
[0;32mI (1061) app_init: Compile time:     Aug 26 2025 12:34:07[0m
[0;32mI (1067) app_init: ELF file SHA256:  2f125a841...[0m
[0;32mI (1071) app_init: ESP-IDF:          v5.4.2-dirty[0m
[0;32mI (1075) efuse_init: Min chip rev:     v0.0[0m
[0;32mI (1079) efuse_init: Max chip rev:     v0.99 [0m
[0;32mI (1083) efuse_init: Chip rev:         v0.2[0m
[0;32mI (1087) heap_init: Initializing. RAM available for dynamic allocation:[0m
[0;32mI (1094) heap_init: At 3FCA3CA8 len 00045A68 (278 KiB): RAM[0m
[0;32mI (1099) heap_init: At 3FCE9710 len 00005724 (21 KiB): RAM[0m
[0;32mI (1104) heap_init: At 3FCF0000 len 00008000 (32 KiB): DRAM[0m
[0;32mI (1109) heap_init: At 600FE01C len 00001FCC (7 KiB): RTCRAM[0m
[0;32mI (1115) esp_psram: Adding pool of 8192K of PSRAM memory to heap allocator[0m
[0;32mI (1122) spi_flash: detected chip: generic[0m
[0;32mI (1125) spi_flash: flash io: dio[0m
[0;32mI (1129) sleep_gpio: Configure to isolate all GPIO pins in sleep state[0m
[0;32mI (1135) sleep_gpio: Enable automatic switching of GPIO sleep configuration[0m
[0;32mI (1141) coexist: coex firmware version: 7b9a184[0m
[0;32mI (1165) coexist: coexist rom version e7ae62f[0m
[0;32mI (1166) main_task: Started on CPU0[0m
[0;32mI (1176) esp_psram: Reserving pool of 32K of internal memory for DMA/internal allocations[0m
[0;32mI (1176) main_task: Calling app_main()[0m
[0;32mI (1186) uart: queue free spaces: 30[0m
[0;32mI (1186) BLE: NVS SSID: 3718[0m
[0;32mI (1186) BLE: NVS PWD: 15362[0m
[0;32mI (1186) BLE: NVS CH: 1[0m
[0;32mI (1186) BLE: NVS SP: 1[0m
[0;32mI (1186) BLE_INIT: BT controller compile version [6cfabcd][0m
[0;32mI (1196) BLE_LOG: Succeeded to initialize upper layer task log![0m
[0;32mI (1196) gpio: GPIO[3]| InputEn: 0| OutputEn: 1| OpenDrain: 0| Pullup: 0| Pulldown: 0| Intr:0 [0m
[0;32mI (1206) BLE_LOG: Succeeded to initialize timestamp synchronizer![0m
[0;32mI (1216) BLE_LOG: Succeeded to initialize BLE log SPI output interface![0m
[0;32mI (1226) BLE_INIT: Feature Config, ADV:1, BLE_50:1, DTM:1, SCAN:1, CCA:0, SMP:1, CONNECT:1[0m
[0;32mI (1226) BLE_INIT: Bluetooth MAC: 30:ed:a0:bd:57:5e[0m
[0;32mI (1236) phy_init: phy_version 701,f4f1da3a,Mar  3 2025,15:50:10[0m
[0;32mI (1276) phy_init: Saving new calibration data due to checksum failure or outdated calibration data, mode(0)[0m
[0;32mI (1296) BLE: nimble host task start[0m
[0;32mI (1296) BLE: reg svc 0x1800 handle=1[0m
[0;32mI (1296) BLE: reg chr 0x2a00 def=2 val=3[0m
[0;32mI (1296) BLE: reg chr 0x2a01 def=4 val=5[0m
[0;32mI (1296) BLE: reg svc 0x1801 handle=6[0m
[0;32mI (1296) BLE: reg chr 0x2a05 def=7 val=8[0m
[0;32mI (1306) BLE: reg chr 0x2b3a def=10 val=11[0m
[0;32mI (1306) BLE: reg chr 0x2b29 def=12 val=13[0m
[0;32mI (1306) BLE: reg svc 0100bc9a-7856-3412-f0de-bc9a78563412 handle=14[0m
[0;32mI (1316) BLE: reg chr 00002211-eedd-ccbb-aa99-887766554433 def=15 val=16[0m
[0;32mI (1326) NimBLE: GAP procedure initiated: stop advertising.[0m

[0;32mI (1326) NimBLE: GAP procedure initiated: advertise; [0m
[0;32mI (1336) NimBLE: disc_mode=2[0m
[0;32mI (1336) NimBLE:  adv_channel_map=0 own_addr_type=0 adv_filter_policy=0 adv_itvl_min=320 adv_itvl_max=352[0m
[0;32mI (1346) NimBLE: [0m

[0;32mI (1346) BLE: Advertising as "FAL_A0BD575E"[0m
[0;32mI (1296) main_task: Returned from app_main()[0m
[0;32mI (7716) BLE: connect ok; status=0[0m
[0;32mI (8316) BLE: subscribe: handle=16 cur_notif=1 cur_ind=0[0m
[0;32mI (8316) BLE: start security on subscribe[0m
[0;32mI (10736) NimBLE: GAP procedure initiated: stop advertising.[0m

[0;32mI (10736) BLE: enc change: status=0[0m
[0;32mI (10746) NimBLE: GATT procedure initiated: notify; [0m
[0;32mI (10746) NimBLE: att_handle=16[0m

[0;32mI (10746) BLE: AUTHOK sent[0m
[0;32mI (10796) BLE: subscribe: handle=16 cur_notif=0 cur_ind=0[0m
[0;32mI (11696) BLE: subscribe: handle=8 cur_notif=0 cur_ind=1[0m
[0;32mI (13256) BLE: RX(3): BYE[0m
[0;32mI (13256) NimBLE: GATT procedure initiated: notify; [0m
[0;32mI (13256) NimBLE: att_handle=16[0m

[0;32mI (13756) NimBLE: GAP procedure initiated: terminate connection; conn_handle=1 hci_reason=19[0m

[0;32mI (13766) BLE: subscribe: handle=8 cur_notif=0 cur_ind=0[0m
[0;32mI (13766) BLE: disconnect; reason=534[0m
[0;32mI (16766) NimBLE: GAP procedure initiated: advertise; [0m
[0;32mI (16766) NimBLE: disc_mode=2[0m
[0;32mI (16766) NimBLE:  adv_channel_map=0 own_addr_type=0 adv_filter_policy=0 adv_itvl_min=320 adv_itvl_max=352[0m
[0;32mI (16776) NimBLE: [0m

[0;32mI (16776) BLE: Advertising as "FAL_A0BD575E"[0m
ESP-ROM:esp32s3-20210327
Build:Mar 27 2021
rst:0x1 (POWERON),boot:0x8 (SPI_FAST_FLASH_BOOT)
SPIWP:0xee
mode:DIO, clock div:1
load:0x3fce2810,len:0x1564
load:0x403c8700,len:0x4
load:0x403c8704,len:0xd24
load:0x403cb700,len:0x2ed4
entry 0x403c8928
[0;32mI (27) boot: ESP-IDF v5.4.2-dirty 2nd stage bootloader[0m
[0;32mI (27) boot: compile time Aug 21 2025 17:15:17[0m
[0;32mI (27) boot: Multicore bootloader[0m
[0;32mI (28) boot: chip revision: v0.2[0m
[0;32mI (30) boot: efuse block revision: v1.3[0m
[0;32mI (34) boot.esp32s3: Boot SPI Speed : 80MHz[0m
[0;32mI (38) boot.esp32s3: SPI Mode       : DIO[0m
[0;32mI (42) boot.esp32s3: SPI Flash Size : 16MB[0m
[0;32mI (45) boot: Enabling RNG early entropy source...[0m
[0;32mI (50) boot: Partition Table:[0m
[0;32mI (52) boot: ## Label            Usage          Type ST Offset   Length[0m
[0;32mI (59) boot:  0 nvs              WiFi data        01 02 00009000 00006000[0m
[0;32mI (65) boot:  1 phy_init         RF data          01 01 0000f000 00001000[0m
[0;32mI (72) boot:  2 factory          factory app      00 00 00010000 00200000[0m
[0;32mI (78) boot:  3 ota_0            OTA app          00 10 00210000 00200000[0m
[0;32mI (85) boot:  4 ota_1            OTA app          00 11 00410000 00200000[0m
[0;32mI (91) boot:  5 storage          Unknown data     01 83 00610000 00100000[0m
[0;32mI (98) boot:  6 spiffs           Unknown data     01 82 00710000 00400000[0m
[0;32mI (104) boot:  7 userdata         Unknown data     01 84 00b10000 00100000[0m
[0;32mI (111) boot:  8 reserved         unknown          40 01 00c10000 003f0000[0m
[0;32mI (118) boot: End of partition table[0m
[0;32mI (121) esp_image: segment 0: paddr=00010020 vaddr=3c060020 size=17e5ch ( 97884) map[0m
[0;32mI (146) esp_image: segment 1: paddr=00027e84 vaddr=3fc9d200 size=04520h ( 17696) load[0m
[0;32mI (150) esp_image: segment 2: paddr=0002c3ac vaddr=40374000 size=03c6ch ( 15468) load[0m
[0;32mI (153) esp_image: segment 3: paddr=00030020 vaddr=42000020 size=5d8dch (383196) map[0m
[0;32mI (225) esp_image: segment 4: paddr=0008d904 vaddr=40377c6c size=15560h ( 87392) load[0m
[0;32mI (244) esp_image: segment 5: paddr=000a2e6c vaddr=600fe000 size=0001ch (    28) load[0m
[0;32mI (254) boot: Loaded app from partition at offset 0x10000[0m
[0;32mI (254) boot: Disabling RNG early entropy source...[0m
[0;32mI (264) octal_psram: vendor id    : 0x0d (AP)[0m
[0;32mI (264) octal_psram: dev id       : 0x02 (generation 3)[0m
[0;32mI (264) octal_psram: density      : 0x03 (64 Mbit)[0m
[0;32mI (266) octal_psram: good-die     : 0x01 (Pass)[0m
[0;32mI (271) octal_psram: Latency      : 0x01 (Fixed)[0m
[0;32mI (275) octal_psram: VCC          : 0x01 (3V)[0m
[0;32mI (279) octal_psram: SRF          : 0x01 (Fast Refresh)[0m
[0;32mI (284) octal_psram: BurstType    : 0x01 (Hybrid Wrap)[0m
[0;32mI (289) octal_psram: BurstLen     : 0x01 (32 Byte)[0m
[0;32mI (293) octal_psram: Readlatency  : 0x02 (10 cycles@Fixed)[0m
[0;32mI (298) octal_psram: DriveStrength: 0x00 (1/1)[0m
[0;32mI (303) esp_psram: Found 8MB PSRAM device[0m
[0;32mI (306) esp_psram: Speed: 40MHz[0m
[0;32mI (309) cpu_start: Multicore app[0m
[0;32mI (1043) esp_psram: SPI SRAM memory test OK[0m
[0;32mI (1052) cpu_start: Pro cpu start user code[0m
[0;32mI (1052) cpu_start: cpu freq: 240000000 Hz[0m
[0;32mI (1052) app_init: Application information:[0m
[0;32mI (1053) app_init: Project name:     wifi_station[0m
[0;32mI (1057) app_init: App version:      798c305-dirty[0m
[0;32mI (1061) app_init: Compile time:     Aug 26 2025 12:34:07[0m
[0;32mI (1067) app_init: ELF file SHA256:  2f125a841...[0m
[0;32mI (1071) app_init: ESP-IDF:          v5.4.2-dirty[0m
[0;32mI (1075) efuse_init: Min chip rev:     v0.0[0m
[0;32mI (1079) efuse_init: Max chip rev:     v0.99 [0m
[0;32mI (1083) efuse_init: Chip rev:         v0.2[0m
[0;32mI (1087) heap_init: Initializing. RAM available for dynamic allocation:[0m
[0;32mI (1094) heap_init: At 3FCA3CA8 len 00045A68 (278 KiB): RAM[0m
[0;32mI (1099) heap_init: At 3FCE9710 len 00005724 (21 KiB): RAM[0m
[0;32mI (1104) heap_init: At 3FCF0000 len 00008000 (32 KiB): DRAM[0m
[0;32mI (1109) heap_init: At 600FE01C len 00001FCC (7 KiB): RTCRAM[0m
[0;32mI (1115) esp_psram: Adding pool of 8192K of PSRAM memory to heap allocator[0m
[0;32mI (1122) spi_flash: detected chip: generic[0m
[0;32mI (1125) spi_flash: flash io: dio[0m
[0;32mI (1129) sleep_gpio: Configure to isolate all GPIO pins in sleep state[0m
[0;32mI (1135) sleep_gpio: Enable automatic switching of GPIO sleep configuration[0m
[0;32mI (1141) coexist: coex firmware version: 7b9a184[0m
[0;32mI (1165) coexist: coexist rom version e7ae62f[0m
[0;32mI (1166) main_task: Started on CPU0[0m
[0;32mI (1176) esp_psram: Reserving pool of 32K of internal memory for DMA/internal allocations[0m
[0;32mI (1176) main_task: Calling app_main()[0m
[0;32mI (1186) uart: queue free spaces: 30[0m
[0;32mI (1186) BLE: NVS SSID: 3718[0m
[0;32mI (1186) BLE: NVS PWD: 15362[0m
[0;32mI (1186) BLE: NVS CH: 1[0m
[0;32mI (1186) BLE: NVS SP: 1[0m
[0;32mI (1186) BLE_INIT: BT controller compile version [6cfabcd][0m
[0;32mI (1196) BLE_LOG: Succeeded to initialize upper layer task log![0m
[0;32mI (1196) gpio: GPIO[3]| InputEn: 0| OutputEn: 1| OpenDrain: 0| Pullup: 0| Pulldown: 0| Intr:0 [0m
[0;32mI (1206) BLE_LOG: Succeeded to initialize timestamp synchronizer![0m
[0;32mI (1216) BLE_LOG: Succeeded to initialize BLE log SPI output interface![0m
[0;32mI (1226) BLE_INIT: Feature Config, ADV:1, BLE_50:1, DTM:1, SCAN:1, CCA:0, SMP:1, CONNECT:1[0m
[0;32mI (1226) BLE_INIT: Bluetooth MAC: 30:ed:a0:bd:57:5e[0m
[0;32mI (1236) phy_init: phy_version 701,f4f1da3a,Mar  3 2025,15:50:10[0m
[0;32mI (1276) BLE: nimble host task start[0m
[0;32mI (1276) BLE: reg svc 0x1800 handle=1[0m
[0;32mI (1276) BLE: reg chr 0x2a00 def=2 val=3[0m
[0;32mI (1276) BLE: reg chr 0x2a01 def=4 val=5[0m
[0;32mI (1276) BLE: reg svc 0x1801 handle=6[0m
[0;32mI (1286) BLE: reg chr 0x2a05 def=7 val=8[0m
[0;32mI (1286) BLE: reg chr 0x2b3a def=10 val=11[0m
[0;32mI (1286) BLE: reg chr 0x2b29 def=12 val=13[0m
[0;32mI (1296) BLE: reg svc 0100bc9a-7856-3412-f0de-bc9a78563412 handle=14[0m
[0;32mI (1296) BLE: reg chr 00002211-eedd-ccbb-aa99-887766554433 def=15 val=16[0m
[0;32mI (1276) main_task: Returned from app_main()[0m
[0;32mI (1306) NimBLE: GAP procedure initiated: stop advertising.[0m

[0;32mI (1316) NimBLE: GAP procedure initiated: advertise; [0m
[0;32mI (1316) NimBLE: disc_mode=2[0m
[0;32mI (1326) NimBLE:  adv_channel_map=0 own_addr_type=0 adv_filter_policy=0 adv_itvl_min=320 adv_itvl_max=352[0m
[0;32mI (1336) NimBLE: [0m

[0;32mI (1336) BLE: Advertising as "FAL_A0BD575E"[0m
[0;32mI (6776) BLE: connect ok; status=0[0m
[0;32mI (7336) BLE: subscribe: handle=16 cur_notif=1 cur_ind=0[0m
[0;32mI (7336) BLE: start security on subscribe[0m
[0;32mI (8246) BLE: enc change: status=1289[0m
[0;32mI (11246) BLE: subscribe: handle=16 cur_notif=0 cur_ind=0[0m
[0;32mI (11246) BLE: disconnect; reason=531[0m
[0;32mI (14246) NimBLE: GAP procedure initiated: advertise; [0m
[0;32mI (14246) NimBLE: disc_mode=2[0m
[0;32mI (14246) NimBLE:  adv_channel_map=0 own_addr_type=0 adv_filter_policy=0 adv_itvl_min=320 adv_itvl_max=352[0m
[0;32mI (14246) NimBLE: [0m

[0;32mI (14256) BLE: Advertising as "FAL_A0BD575E"[0m
[0;32mI (22646) BLE: connect ok; status=0[0m
[0;32mI (23206) BLE: RX(3): BYE[0m
[0;32mI (23206) NimBLE: GATT procedure initiated: notify; [0m
[0;32mI (23206) NimBLE: att_handle=16[0m

[0;32mI (23706) NimBLE: GAP procedure initiated: terminate connection; conn_handle=1 hci_reason=19[0m

[0;32mI (23726) BLE: disconnect; reason=534[0m
[0;32mI (26726) NimBLE: GAP procedure initiated: advertise; [0m
[0;32mI (26726) NimBLE: disc_mode=2[0m
[0;32mI (26726) NimBLE:  adv_channel_map=0 own_addr_type=0 adv_filter_policy=0 adv_itvl_min=320 adv_itvl_max=352[0m
[0;32mI (26726) NimBLE: [0m

[0;32mI (26736) BLE: Advertising as "FAL_A0BD575E"[0m
[0;32mI (84216) BLE: connect ok; status=0[0m
[0;32mI (84806) BLE: subscribe: handle=16 cur_notif=1 cur_ind=0[0m
[0;32mI (84806) BLE: start security on subscribe[0m
[0;32mI (87116) NimBLE: GAP procedure initiated: stop advertising.[0m

[0;32mI (87116) BLE: enc change: status=0[0m
[0;32mI (87126) NimBLE: GATT procedure initiated: notify; [0m
[0;32mI (87126) NimBLE: att_handle=16[0m

[0;32mI (87126) BLE: AUTHOK sent[0m
[0;32mI (87176) BLE: subscribe: handle=16 cur_notif=0 cur_ind=0[0m
[0;32mI (88076) BLE: subscribe: handle=8 cur_notif=0 cur_ind=1[0m
[0;32mI (90626) BLE: RX(3): BYE[0m
[0;32mI (90626) NimBLE: GATT procedure initiated: notify; [0m
[0;32mI (90626) NimBLE: att_handle=16[0m

[0;32mI (91126) NimBLE: GAP procedure initiated: terminate connection; conn_handle=1 hci_reason=19[0m

[0;32mI (91136) BLE: subscribe: handle=8 cur_notif=0 cur_ind=0[0m
[0;32mI (91136) BLE: disconnect; reason=534[0m
[0;32mI (94136) NimBLE: GAP procedure initiated: advertise; [0m
[0;32mI (94136) NimBLE: disc_mode=2[0m
[0;32mI (94136) NimBLE:  adv_channel_map=0 own_addr_type=0 adv_filter_policy=0 adv_itvl_min=320 adv_itvl_max=352[0m
[0;32mI (94136) NimBLE: [0m

[0;32mI (94146) BLE: Advertising as "FAL_A0BD575E"[0m
[0;32mI (95766) BLE: connect ok; status=0[0m
[0;32mI (95976) BLE: enc change: status=0[0m
[0;32mI (95976) BLE: subscribe: handle=8 cur_notif=0 cur_ind=1[0m
[0;32mI (95986) NimBLE: GATT procedure initiated: notify; [0m
[0;32mI (95986) NimBLE: att_handle=16[0m

[0;32mI (95986) BLE: AUTHOK sent[0m
[0;32mI (96006) BLE: subscribe: handle=16 cur_notif=1 cur_ind=0[0m
[0;32mI (96036) NimBLE: GATT procedure initiated: notify; [0m
[0;32mI (96036) NimBLE: att_handle=16[0m

[0;32mI (96036) BLE: AUTHOK sent[0m
[0;32mI (96096) BLE: subscribe: handle=16 cur_notif=0 cur_ind=0[0m
[0;32mI (97596) BLE: RX(3): BYE[0m
[0;32mI (97596) NimBLE: GATT procedure initiated: notify; [0m
[0;32mI (97596) NimBLE: att_handle=16[0m

[0;32mI (98096) NimBLE: GAP procedure initiated: terminate connection; conn_handle=1 hci_reason=19[0m

[0;32mI (98106) BLE: subscribe: handle=8 cur_notif=0 cur_ind=0[0m
[0;32mI (98106) BLE: disconnect; reason=534[0m
[0;32mI (101106) NimBLE: GAP procedure initiated: advertise; [0m
[0;32mI (101106) NimBLE: disc_mode=2[0m
[0;32mI (101106) NimBLE:  adv_channel_map=0 own_addr_type=0 adv_filter_policy=0 adv_itvl_min=320 adv_itvl_max=352[0m
[0;32mI (101106) NimBLE: [0m

[0;32mI (101116) BLE: Advertising as "FAL_A0BD575E"[0m
[0;32mI (332676) BLE: connect ok; status=0[0m
[0;32mI (332856) BLE: enc change: status=0[0m
[0;32mI (332856) BLE: subscribe: handle=8 cur_notif=0 cur_ind=1[0m
[0;32mI (332866) NimBLE: GATT procedure initiated: notify; [0m
[0;32mI (332866) NimBLE: att_handle=16[0m

[0;32mI (332866) BLE: AUTHOK sent[0m
[0;32mI (332916) BLE: subscribe: handle=16 cur_notif=1 cur_ind=0[0m
[0;32mI (332946) NimBLE: GATT procedure initiated: notify; [0m
[0;32mI (332946) NimBLE: att_handle=16[0m

[0;32mI (332946) BLE: AUTHOK sent[0m
[0;32mI (333006) BLE: subscribe: handle=16 cur_notif=0 cur_ind=0[0m
[0;32mI (334836) BLE: RX(3): BYE[0m
[0;32mI (334836) NimBLE: GATT procedure initiated: notify; [0m
[0;32mI (334836) NimBLE: att_handle=16[0m

[0;32mI (335336) NimBLE: GAP procedure initiated: terminate connection; conn_handle=1 hci_reason=19[0m

[0;32mI (335346) BLE: subscribe: handle=8 cur_notif=0 cur_ind=0[0m
[0;32mI (335346) BLE: disconnect; reason=534[0m
[0;32mI (338346) NimBLE: GAP procedure initiated: advertise; [0m
[0;32mI (338346) NimBLE: disc_mode=2[0m
[0;32mI (338346) NimBLE:  adv_channel_map=0 own_addr_type=0 adv_filter_policy=0 adv_itvl_min=320 adv_itvl_max=352[0m
[0;32mI (338356) NimBLE: [0m

[0;32mI (338356) BLE: Advertising as "FAL_A0BD575E"[0m
[0;32mI (341526) BLE: connect ok; status=0[0m
[0;32mI (341706) BLE: enc change: status=0[0m
[0;32mI (341706) BLE: subscribe: handle=8 cur_notif=0 cur_ind=1[0m
[0;32mI (341716) NimBLE: GATT procedure initiated: notify; [0m
[0;32mI (341716) NimBLE: att_handle=16[0m

[0;32mI (341716) BLE: AUTHOK sent[0m
[0;32mI (341736) BLE: subscribe: handle=16 cur_notif=1 cur_ind=0[0m
[0;32mI (341766) NimBLE: GATT procedure initiated: notify; [0m
[0;32mI (341766) NimBLE: att_handle=16[0m

[0;32mI (341766) BLE: AUTHOK sent[0m
[0;32mI (341826) BLE: subscribe: handle=16 cur_notif=0 cur_ind=0[0m
[0;32mI (343806) BLE: RX(3): BYE[0m
[0;32mI (343806) NimBLE: GATT procedure initiated: notify; [0m
[0;32mI (343806) NimBLE: att_handle=16[0m

[0;32mI (344306) NimBLE: GAP procedure initiated: terminate connection; conn_handle=1 hci_reason=19[0m

[0;32mI (344316) BLE: subscribe: handle=8 cur_notif=0 cur_ind=0[0m
[0;32mI (344316) BLE: disconnect; reason=534[0m
[0;32mI (347316) NimBLE: GAP procedure initiated: advertise; [0m
[0;32mI (347316) NimBLE: disc_mode=2[0m
[0;32mI (347316) NimBLE:  adv_channel_map=0 own_addr_type=0 adv_filter_policy=0 adv_itvl_min=320 adv_itvl_max=352[0m
[0;32mI (347326) NimBLE: [0m

[0;32mI (347326) BLE: Advertising as "FAL_A0BD575E"[0m
ESP-ROM:esp32s3-20210327
Build:Mar 27 2021
rst:0x1 (POWERON),boot:0x8 (SPI_FAST_FLASH_BOOT)
SPIWP:0xee
mode:DIO, clock div:1
load:0x3fce2810,len:0x1564
load:0x403c8700,len:0x4
load:0x403c8704,len:0xd24
load:0x403cb700,len:0x2ed4
entry 0x403c8928
[0;32mI (27) boot: ESP-IDF v5.4.2-dirty 2nd stage bootloader[0m
[0;32mI (27) boot: compile time Aug 21 2025 17:15:17[0m
[0;32mI (27) boot: Multicore bootloader[0m
[0;32mI (28) boot: chip revision: v0.2[0m
[0;32mI (30) boot: efuse block revision: v1.3[0m
[0;32mI (34) boot.esp32s3: Boot SPI Speed : 80MHz[0m
[0;32mI (38) boot.esp32s3: SPI Mode       : DIO[0m
[0;32mI (42) boot.esp32s3: SPI Flash Size : 16MB[0m
[0;32mI (45) boot: Enabling RNG early entropy source...[0m
[0;32mI (50) boot: Partition Table:[0m
[0;32mI (52) boot: ## Label            Usage          Type ST Offset   Length[0m
[0;32mI (59) boot:  0 nvs              WiFi data        01 02 00009000 00006000[0m
[0;32mI (65) boot:  1 phy_init         RF data          01 01 0000f000 00001000[0m
[0;32mI (72) boot:  2 factory          factory app      00 00 00010000 00200000[0m
[0;32mI (78) boot:  3 ota_0            OTA app          00 10 00210000 00200000[0m
[0;32mI (85) boot:  4 ota_1            OTA app          00 11 00410000 00200000[0m
[0;32mI (91) boot:  5 storage          Unknown data     01 83 00610000 00100000[0m
[0;32mI (98) boot:  6 spiffs           Unknown data     01 82 00710000 00400000[0m
[0;32mI (104) boot:  7 userdata         Unknown data     01 84 00b10000 00100000[0m
[0;32mI (111) boot:  8 reserved         unknown          40 01 00c10000 003f0000[0m
[0;32mI (118) boot: End of partition table[0m
[0;32mI (121) esp_image: segment 0: paddr=00010020 vaddr=3c060020 size=17e5ch ( 97884) map[0m
[0;32mI (146) esp_image: segment 1: paddr=00027e84 vaddr=3fc9d200 size=04520h ( 17696) load[0m
[0;32mI (150) esp_image: segment 2: paddr=0002c3ac vaddr=40374000 size=03c6ch ( 15468) load[0m
[0;32mI (153) esp_image: segment 3: paddr=00030020 vaddr=42000020 size=5d8dch (383196) map[0m
[0;32mI (225) esp_image: segment 4: paddr=0008d904 vaddr=40377c6c size=15560h ( 87392) load[0m
[0;32mI (244) esp_image: segment 5: paddr=000a2e6c vaddr=600fe000 size=0001ch (    28) load[0m
[0;32mI (254) boot: Loaded app from partition at offset 0x10000[0m
[0;32mI (254) boot: Disabling RNG early entropy source...[0m
[0;32mI (264) octal_psram: vendor id    : 0x0d (AP)[0m
[0;32mI (264) octal_psram: dev id       : 0x02 (generation 3)[0m
[0;32mI (264) octal_psram: density      : 0x03 (64 Mbit)[0m
[0;32mI (266) octal_psram: good-die     : 0x01 (Pass)[0m
[0;32mI (271) octal_psram: Latency      : 0x01 (Fixed)[0m
[0;32mI (275) octal_psram: VCC          : 0x01 (3V)[0m
[0;32mI (279) octal_psram: SRF          : 0x01 (Fast Refresh)[0m
[0;32mI (284) octal_psram: BurstType    : 0x01 (Hybrid Wrap)[0m
[0;32mI (289) octal_psram: BurstLen     : 0x01 (32 Byte)[0m
[0;32mI (293) octal_psram: Readlatency  : 0x02 (10 cycles@Fixed)[0m
[0;32mI (298) octal_psram: DriveStrength: 0x00 (1/1)[0m
[0;32mI (303) esp_psram: Found 8MB PSRAM device[0m
[0;32mI (306) esp_psram: Speed: 40MHz[0m
[0;32mI (309) cpu_start: Multicore app[0m
[0;32mI (1043) esp_psram: SPI SRAM memory test OK[0m
[0;32mI (1052) cpu_start: Pro cpu start user code[0m
[0;32mI (1052) cpu_start: cpu freq: 240000000 Hz[0m
[0;32mI (1052) app_init: Application information:[0m
[0;32mI (1052) app_init: Project name:     wifi_station[0m
[0;32mI (1057) app_init: App version:      798c305-dirty[0m
[0;32mI (1061) app_init: Compile time:     Aug 26 2025 12:34:07[0m
[0;32mI (1067) app_init: ELF file SHA256:  2f125a841...[0m
[0;32mI (1071) app_init: ESP-IDF:          v5.4.2-dirty[0m
[0;32mI (1075) efuse_init: Min chip rev:     v0.0[0m
[0;32mI (1079) efuse_init: Max chip rev:     v0.99 [0m
[0;32mI (1083) efuse_init: Chip rev:         v0.2[0m
[0;32mI (1087) heap_init: Initializing. RAM available for dynamic allocation:[0m
[0;32mI (1094) heap_init: At 3FCA3CA8 len 00045A68 (278 KiB): RAM[0m
[0;32mI (1099) heap_init: At 3FCE9710 len 00005724 (21 KiB): RAM[0m
[0;32mI (1104) heap_init: At 3FCF0000 len 00008000 (32 KiB): DRAM[0m
[0;32mI (1109) heap_init: At 600FE01C len 00001FCC (7 KiB): RTCRAM[0m
[0;32mI (1115) esp_psram: Adding pool of 8192K of PSRAM memory to heap allocator[0m
[0;32mI (1122) spi_flash: detected chip: generic[0m
[0;32mI (1125) spi_flash: flash io: dio[0m
[0;32mI (1129) sleep_gpio: Configure to isolate all GPIO pins in sleep state[0m
[0;32mI (1135) sleep_gpio: Enable automatic switching of GPIO sleep configuration[0m
[0;32mI (1141) coexist: coex firmware version: 7b9a184[0m
[0;32mI (1165) coexist: coexist rom version e7ae62f[0m
[0;32mI (1166) main_task: Started on CPU0[0m
[0;32mI (1176) esp_psram: Reserving pool of 32K of internal memory for DMA/internal allocations[0m
[0;32mI (1176) main_task: Calling app_main()[0m
[0;32mI (1186) uart: queue free spaces: 30[0m
[0;32mI (1186) BLE: NVS SSID: 3718[0m
[0;32mI (1186) BLE: NVS PWD: 15362[0m
[0;32mI (1186) BLE: NVS CH: 1[0m
[0;32mI (1186) BLE: NVS SP: 1[0m
[0;32mI (1186) BLE_INIT: BT controller compile version [6cfabcd][0m
[0;32mI (1196) BLE_LOG: Succeeded to initialize upper layer task log![0m
[0;32mI (1196) gpio: GPIO[3]| InputEn: 0| OutputEn: 1| OpenDrain: 0| Pullup: 0| Pulldown: 0| Intr:0 [0m
[0;32mI (1206) BLE_LOG: Succeeded to initialize timestamp synchronizer![0m
[0;32mI (1216) BLE_LOG: Succeeded to initialize BLE log SPI output interface![0m
[0;32mI (1226) BLE_INIT: Feature Config, ADV:1, BLE_50:1, DTM:1, SCAN:1, CCA:0, SMP:1, CONNECT:1[0m
[0;32mI (1226) BLE_INIT: Bluetooth MAC: 30:ed:a0:bd:57:5e[0m
[0;32mI (1236) phy_init: phy_version 701,f4f1da3a,Mar  3 2025,15:50:10[0m
[0;32mI (1276) phy_init: Saving new calibration data due to checksum failure or outdated calibration data, mode(0)[0m
[0;32mI (1346) BLE: nimble host task start[0m
[0;32mI (1346) BLE: reg svc 0x1800 handle=1[0m
[0;32mI (1346) BLE: reg chr 0x2a00 def=2 val=3[0m
[0;32mI (1346) BLE: reg chr 0x2a01 def=4 val=5[0m
[0;32mI (1356) BLE: reg svc 0x1801 handle=6[0m
[0;32mI (1356) BLE: reg chr 0x2a05 def=7 val=8[0m
[0;32mI (1356) BLE: reg chr 0x2b3a def=10 val=11[0m
[0;32mI (1366) BLE: reg chr 0x2b29 def=12 val=13[0m
[0;32mI (1366) BLE: reg svc 0100bc9a-7856-3412-f0de-bc9a78563412 handle=14[0m
[0;32mI (1376) BLE: reg chr 00002211-eedd-ccbb-aa99-887766554433 def=15 val=16[0m
[0;32mI (1386) NimBLE: GAP procedure initiated: stop advertising.[0m

[0;32mI (1346) main_task: Returned from app_main()[0m
[0;32mI (1386) NimBLE: GAP procedure initiated: advertise; [0m
[0;32mI (1396) NimBLE: disc_mode=2[0m
[0;32mI (1396) NimBLE:  adv_channel_map=0 own_addr_type=0 adv_filter_policy=0 adv_itvl_min=320 adv_itvl_max=352[0m
[0;32mI (1406) NimBLE: [0m

[0;32mI (1406) BLE: Advertising as "FAL_A0BD575E"[0m
[0;32mI (5286) BLE: connect ok; status=0[0m
[0;32mI (5846) BLE: subscribe: handle=16 cur_notif=1 cur_ind=0[0m
[0;32mI (5846) BLE: start security on subscribe[0m
[0;32mI (8576) NimBLE: GAP procedure initiated: stop advertising.[0m

[0;32mI (8576) BLE: enc change: status=0[0m
[0;32mI (8586) NimBLE: GATT procedure initiated: notify; [0m
[0;32mI (8586) NimBLE: att_handle=16[0m

[0;32mI (8586) BLE: AUTHOK sent[0m
[0;32mI (8636) BLE: subscribe: handle=16 cur_notif=0 cur_ind=0[0m
[0;32mI (9566) BLE: subscribe: handle=8 cur_notif=0 cur_ind=1[0m
[0;32mI (10826) BLE: RX(3): BYE[0m
[0;32mI (10826) NimBLE: GATT procedure initiated: notify; [0m
[0;32mI (10826) NimBLE: att_handle=16[0m

[0;32mI (11326) NimBLE: GAP procedure initiated: terminate connection; conn_handle=1 hci_reason=19[0m

[0;32mI (11336) BLE: subscribe: handle=8 cur_notif=0 cur_ind=0[0m
[0;32mI (11336) BLE: disconnect; reason=534[0m
[0;32mI (14336) NimBLE: GAP procedure initiated: advertise; [0m
[0;32mI (14336) NimBLE: disc_mode=2[0m
[0;32mI (14336) NimBLE:  adv_channel_map=0 own_addr_type=0 adv_filter_policy=0 adv_itvl_min=320 adv_itvl_max=352[0m
[0;32mI (14336) NimBLE: [0m

[0;32mI (14346) BLE: Advertising as "FAL_A0BD575E"[0m
ESP-ROM:esp32s3-20210327
Build:Mar 27 2021
rst:0x1 (POWERON),boot:0x8 (SPI_FAST_FLASH_BOOT)
SPIWP:0xee
mode:DIO, clock div:1
load:0x3fce2810,len:0x1564
load:0x403c8700,len:0x4
load:0x403c8704,len:0xd24
load:0x403cb700,len:0x2ed4
entry 0x403c8928
[0;32mI (27) boot: ESP-IDF v5.4.2-dirty 2nd stage bootloader[0m
[0;32mI (27) boot: compile time Aug 21 2025 17:15:17[0m
[0;32mI (27) boot: Multicore bootloader[0m
[0;32mI (28) boot: chip revision: v0.2[0m
[0;32mI (30) boot: efuse block revision: v1.3[0m
[0;32mI (34) boot.esp32s3: Boot SPI Speed : 80MHz[0m
[0;32mI (38) boot.esp32s3: SPI Mode       : DIO[0m
[0;32mI (42) boot.esp32s3: SPI Flash Size : 16MB[0m
[0;32mI (45) boot: Enabling RNG early entropy source...[0m
[0;32mI (50) boot: Partition Table:[0m
[0;32mI (52) boot: ## Label            Usage          Type ST Offset   Length[0m
[0;32mI (59) boot:  0 nvs              WiFi data        01 02 00009000 00006000[0m
[0;32mI (65) boot:  1 phy_init         RF data          01 01 0000f000 00001000[0m
[0;32mI (72) boot:  2 factory          factory app      00 00 00010000 00200000[0m
[0;32mI (78) boot:  3 ota_0            OTA app          00 10 00210000 00200000[0m
[0;32mI (85) boot:  4 ota_1            OTA app          00 11 00410000 00200000[0m
[0;32mI (91) boot:  5 storage          Unknown data     01 83 00610000 00100000[0m
[0;32mI (98) boot:  6 spiffs           Unknown data     01 82 00710000 00400000[0m
[0;32mI (104) boot:  7 userdata         Unknown data     01 84 00b10000 00100000[0m
[0;32mI (111) boot:  8 reserved         unknown          40 01 00c10000 003f0000[0m
[0;32mI (118) boot: End of partition table[0m
[0;32mI (121) esp_image: segment 0: paddr=00010020 vaddr=3c060020 size=17e5ch ( 97884) map[0m
[0;32mI (146) esp_image: segment 1: paddr=00027e84 vaddr=3fc9d200 size=04520h ( 17696) load[0m
[0;32mI (150) esp_image: segment 2: paddr=0002c3ac vaddr=40374000 size=03c6ch ( 15468) load[0m
[0;32mI (153) esp_image: segment 3: paddr=00030020 vaddr=42000020 size=5d8dch (383196) map[0m
[0;32mI (225) esp_image: segment 4: paddr=0008d904 vaddr=40377c6c size=15560h ( 87392) load[0m
[0;32mI (244) esp_image: segment 5: paddr=000a2e6c vaddr=600fe000 size=0001ch (    28) load[0m
[0;32mI (254) boot: Loaded app from partition at offset 0x10000[0m
[0;32mI (254) boot: Disabling RNG early entropy source...[0m
[0;32mI (264) octal_psram: vendor id    : 0x0d (AP)[0m
[0;32mI (264) octal_psram: dev id       : 0x02 (generation 3)[0m
[0;32mI (264) octal_psram: density      : 0x03 (64 Mbit)[0m
[0;32mI (266) octal_psram: good-die     : 0x01 (Pass)[0m
[0;32mI (271) octal_psram: Latency      : 0x01 (Fixed)[0m
[0;32mI (275) octal_psram: VCC          : 0x01 (3V)[0m
[0;32mI (279) octal_psram: SRF          : 0x01 (Fast Refresh)[0m
[0;32mI (284) octal_psram: BurstType    : 0x01 (Hybrid Wrap)[0m
[0;32mI (289) octal_psram: BurstLen     : 0x01 (32 Byte)[0m
[0;32mI (293) octal_psram: Readlatency  : 0x02 (10 cycles@Fixed)[0m
[0;32mI (298) octal_psram: DriveStrength: 0x00 (1/1)[0m
[0;32mI (303) esp_psram: Found 8MB PSRAM device[0m
[0;32mI (306) esp_psram: Speed: 40MHz[0m
[0;32mI (309) cpu_start: Multicore app[0m
[0;32mI (1043) esp_psram: SPI SRAM memory test OK[0m
[0;32mI (1052) cpu_start: Pro cpu start user code[0m
[0;32mI (1052) cpu_start: cpu freq: 240000000 Hz[0m
[0;32mI (1052) app_init: Application information:[0m
[0;32mI (1053) app_init: Project name:     wifi_station[0m
[0;32mI (1057) app_init: App version:      798c305-dirty[0m
[0;32mI (1061) app_init: Compile time:     Aug 26 2025 12:34:07[0m
[0;32mI (1067) app_init: ELF file SHA256:  2f125a841...[0m
[0;32mI (1071) app_init: ESP-IDF:          v5.4.2-dirty[0m
[0;32mI (1075) efuse_init: Min chip rev:     v0.0[0m
[0;32mI (1079) efuse_init: Max chip rev:     v0.99 [0m
[0;32mI (1083) efuse_init: Chip rev:         v0.2[0m
[0;32mI (1087) heap_init: Initializing. RAM available for dynamic allocation:[0m
[0;32mI (1094) heap_init: At 3FCA3CA8 len 00045A68 (278 KiB): RAM[0m
[0;32mI (1099) heap_init: At 3FCE9710 len 00005724 (21 KiB): RAM[0m
[0;32mI (1104) heap_init: At 3FCF0000 len 00008000 (32 KiB): DRAM[0m
