ESP-ROM:esp32s3-20210327
Build:Mar 27 2021
rst:0x1 (POWERON),boot:0x8 (SPI_FAST_FLASH_BOOT)
SPIWP:0xee
mode:DIO, clock div:1
load:0x3fce2810,len:0x1564
load:0x403c8700,len:0x4
load:0x403c8704,len:0xd24
load:0x403cb700,len:0x2ed4
entry 0x403c8928
[0;32mI (27) boot: ESP-IDF v5.4.2-dirty 2nd stage bootloader[0m
[0;32mI (27) boot: compile time Aug 21 2025 17:15:17[0m
[0;32mI (27) boot: Multicore bootloader[0m
[0;32mI (28) boot: chip revision: v0.2[0m
[0;32mI (30) boot: efuse block revision: v1.3[0m
[0;32mI (34) boot.esp32s3: Boot SPI Speed : 80MHz[0m
[0;32mI (38) boot.esp32s3: SPI Mode       : DIO[0m
[0;32mI (42) boot.esp32s3: SPI Flash Size : 16MB[0m
[0;32mI (45) boot: Enabling RNG early entropy source...[0m
[0;32mI (50) boot: Partition Table:[0m
[0;32mI (52) boot: ## Label            Usage          Type ST Offset   Length[0m
[0;32mI (59) boot:  0 nvs              WiFi data        01 02 00009000 00006000[0m
[0;32mI (65) boot:  1 phy_init         RF data          01 01 0000f000 00001000[0m
[0;32mI (72) boot:  2 factory          factory app      00 00 00010000 00200000[0m
[0;32mI (78) boot:  3 ota_0            OTA app          00 10 00210000 00200000[0m
[0;32mI (85) boot:  4 ota_1            OTA app          00 11 00410000 00200000[0m
[0;32mI (91) boot:  5 storage          Unknown data     01 83 00610000 00100000[0m
[0;32mI (98) boot:  6 spiffs           Unknown data     01 82 00710000 00400000[0m
[0;32mI (104) boot:  7 userdata         Unknown data     01 84 00b10000 00100000[0m
[0;32mI (111) boot:  8 reserved         unknown          40 01 00c10000 003f0000[0m
[0;32mI (118) boot: End of partition table[0m
[0;32mI (121) esp_image: segment 0: paddr=00010020 vaddr=3c060020 size=17e2ch ( 97836) map[0m
[0;32mI (146) esp_image: segment 1: paddr=00027e54 vaddr=3fc9d200 size=04520h ( 17696) load[0m
[0;32mI (150) esp_image: segment 2: paddr=0002c37c vaddr=40374000 size=03c9ch ( 15516) load[0m
[0;32mI (153) esp_image: segment 3: paddr=00030020 vaddr=42000020 size=5d820h (383008) map[0m
[0;32mI (225) esp_image: segment 4: paddr=0008d848 vaddr=40377c9c size=15530h ( 87344) load[0m
[0;32mI (244) esp_image: segment 5: paddr=000a2d80 vaddr=600fe000 size=0001ch (    28) load[0m
[0;32mI (254) boot: Loaded app from partition at offset 0x10000[0m
[0;32mI (254) boot: Disabling RNG early entropy source...[0m
[0;32mI (264) octal_psram: vendor id    : 0x0d (AP)[0m
[0;32mI (264) octal_psram: dev id       : 0x02 (generation 3)[0m
[0;32mI (264) octal_psram: density      : 0x03 (64 Mbit)[0m
[0;32mI (266) octal_psram: good-die     : 0x01 (Pass)[0m
[0;32mI (270) octal_psram: Latency      : 0x01 (Fixed)[0m
[0;32mI (275) octal_psram: VCC          : 0x01 (3V)[0m
[0;32mI (279) octal_psram: SRF          : 0x01 (Fast Refresh)[0m
[0;32mI (284) octal_psram: BurstType    : 0x01 (Hybrid Wrap)[0m
[0;32mI (289) octal_psram: BurstLen     : 0x01 (32 Byte)[0m
[0;32mI (293) octal_psram: Readlatency  : 0x02 (10 cycles@Fixed)[0m
[0;32mI (298) octal_psram: DriveStrength: 0x00 (1/1)[0m
[0;32mI (303) esp_psram: Found 8MB PSRAM device[0m
[0;32mI (306) esp_psram: Speed: 40MHz[0m
[0;32mI (309) cpu_start: Multicore app[0m
[0;32mI (1043) esp_psram: SPI SRAM memory test OK[0m
[0;32mI (1052) cpu_start: Pro cpu start user code[0m
[0;32mI (1052) cpu_start: cpu freq: 240000000 Hz[0m
[0;32mI (1052) app_init: Application information:[0m
[0;32mI (1052) app_init: Project name:     wifi_station[0m
[0;32mI (1057) app_init: App version:      1c99977-dirty[0m
[0;32mI (1061) app_init: Compile time:     Aug 22 2025 17:10:49[0m
[0;32mI (1067) app_init: ELF file SHA256:  d04f1377d...[0m
[0;32mI (1071) app_init: ESP-IDF:          v5.4.2-dirty[0m
[0;32mI (1075) efuse_init: Min chip rev:     v0.0[0m
[0;32mI (1079) efuse_init: Max chip rev:     v0.99 [0m
[0;32mI (1083) efuse_init: Chip rev:         v0.2[0m
[0;32mI (1087) heap_init: Initializing. RAM available for dynamic allocation:[0m
[0;32mI (1094) heap_init: At 3FCA3CA0 len 00045A70 (278 KiB): RAM[0m
[0;32mI (1099) heap_init: At 3FCE9710 len 00005724 (21 KiB): RAM[0m
[0;32mI (1104) heap_init: At 3FCF0000 len 00008000 (32 KiB): DRAM[0m
[0;32mI (1109) heap_init: At 600FE01C len 00001FCC (7 KiB): RTCRAM[0m
[0;32mI (1115) esp_psram: Adding pool of 8192K of PSRAM memory to heap allocator[0m
[0;32mI (1122) spi_flash: detected chip: generic[0m
[0;32mI (1125) spi_flash: flash io: dio[0m
[0;32mI (1129) sleep_gpio: Configure to isolate all GPIO pins in sleep state[0m
[0;32mI (1135) sleep_gpio: Enable automatic switching of GPIO sleep configuration[0m
[0;32mI (1141) coexist: coex firmware version: 7b9a184[0m
[0;32mI (1165) coexist: coexist rom version e7ae62f[0m
[0;32mI (1166) main_task: Started on CPU0[0m
[0;32mI (1176) esp_psram: Reserving pool of 32K of internal memory for DMA/internal allocations[0m
[0;32mI (1176) main_task: Calling app_main()[0m
[0;32mI (1186) uart: queue free spaces: 30[0m
[0;32mI (1186) BLE: NVS SSID: 3718[0m
[0;32mI (1186) BLE: NVS PWD: 15362[0m
[0;32mI (1186) BLE: NVS CH: 1[0m
[0;32mI (1186) BLE: NVS SP: 1[0m
[0;32mI (1186) BLE_INIT: BT controller compile version [6cfabcd][0m
[0;32mI (1196) BLE_LOG: Succeeded to initialize upper layer task log![0m
[0;32mI (1196) gpio: GPIO[3]| InputEn: 0| OutputEn: 1| OpenDrain: 0| Pullup: 0| Pulldown: 0| Intr:0 [0m
[0;32mI (1206) BLE_LOG: Succeeded to initialize timestamp synchronizer![0m
[0;32mI (1216) BLE_LOG: Succeeded to initialize BLE log SPI output interface![0m
[0;32mI (1216) BLE_INIT: Feature Config, ADV:1, BLE_50:1, DTM:1, SCAN:1, CCA:0, SMP:1, CONNECT:1[0m
[0;32mI (1226) BLE_INIT: Bluetooth MAC: 30:ed:a0:bd:57:5e[0m
[0;32mI (1236) phy_init: phy_version 701,f4f1da3a,Mar  3 2025,15:50:10[0m
[0;32mI (1276) BLE: nimble host task start[0m
[0;32mI (1276) BLE: reg svc 0x1800 handle=1[0m
[0;32mI (1276) BLE: reg chr 0x2a00 def=2 val=3[0m
[0;32mI (1276) BLE: reg chr 0x2a01 def=4 val=5[0m
[0;32mI (1276) BLE: reg svc 0x1801 handle=6[0m
[0;32mI (1276) BLE: reg chr 0x2a05 def=7 val=8[0m
[0;32mI (1286) BLE: reg chr 0x2b3a def=10 val=11[0m
[0;32mI (1286) BLE: reg chr 0x2b29 def=12 val=13[0m
[0;32mI (1296) BLE: reg svc 0100bc9a-7856-3412-f0de-bc9a78563412 handle=14[0m
[0;32mI (1296) BLE: reg chr 00002211-eedd-ccbb-aa99-887766554433 def=15 val=16[0m
[0;32mI (1306) NimBLE: GAP procedure initiated: stop advertising.[0m

[0;32mI (1316) NimBLE: GAP procedure initiated: advertise; [0m
[0;32mI (1316) NimBLE: disc_mode=2[0m
[0;32mI (1316) NimBLE:  adv_channel_map=0 own_addr_type=0 adv_filter_policy=0 adv_itvl_min=320 adv_itvl_max=352[0m
[0;32mI (1326) NimBLE: [0m

[0;32mI (1326) BLE: Advertising as "FAL_A0BD575E"[0m
[0;32mI (1276) main_task: Returned from app_main()[0m
[0;32mI (7436) BLE: connect ok; status=0[0m
[0;32mI (7436) BLE: start[0m
[0;32mI (10106) BLE: enc change: status=0[0m
[0;32mI (10106) BLE: encryption ok â†’ sent AUTHOK[0m
[0;32mI (11066) BLE: subscribe: handle=8 cur_notif=0 cur_ind=1[0m
[0;32mI (13706) BLE: subscribe: handle=16 cur_notif=1 cur_ind=0[0m
[0;32mI (16226) BLE: RX(3): BYE[0m
[0;32mI (16226) NimBLE: GATT procedure initiated: notify; [0m
[0;32mI (16226) NimBLE: att_handle=16[0m

[0;32mI (16726) NimBLE: GAP procedure initiated: terminate connection; conn_handle=1 hci_reason=19[0m

[0;32mI (16726) BLE: subscribe: handle=16 cur_notif=0 cur_ind=0[0m
[0;32mI (16736) BLE: subscribe: handle=8 cur_notif=0 cur_ind=0[0m
[0;32mI (16736) BLE: disconnect; reason=534[0m
[0;32mI (19736) NimBLE: GAP procedure initiated: advertise; [0m
[0;32mI (19736) NimBLE: disc_mode=2[0m
[0;32mI (19736) NimBLE:  adv_channel_map=0 own_addr_type=0 adv_filter_policy=0 adv_itvl_min=320 adv_itvl_max=352[0m
[0;32mI (19736) NimBLE: [0m

[0;32mI (19746) BLE: Advertising as "FAL_A0BD575E"[0m
[0;32mI (24086) BLE: connect ok; status=0[0m
[0;32mI (24086) BLE: start[0m
[0;32mI (24326) BLE: subscribe: handle=16 cur_notif=1 cur_ind=0[0m
[0;32mI (26066) BLE: RX(3): BYE[0m
[0;32mI (26066) NimBLE: GATT procedure initiated: notify; [0m
[0;32mI (26066) NimBLE: att_handle=16[0m

[0;32mI (26566) NimBLE: GAP procedure initiated: terminate connection; conn_handle=1 hci_reason=19[0m

[0;32mI (26566) BLE: subscribe: handle=16 cur_notif=0 cur_ind=0[0m
[0;32mI (26576) BLE: disconnect; reason=534[0m
[0;32mI (29576) NimBLE: GAP procedure initiated: advertise; [0m
[0;32mI (29576) NimBLE: disc_mode=2[0m
[0;32mI (29576) NimBLE:  adv_channel_map=0 own_addr_type=0 adv_filter_policy=0 adv_itvl_min=320 adv_itvl_max=352[0m
[0;32mI (29576) NimBLE: [0m

[0;32mI (29586) BLE: Advertising as "FAL_A0BD575E"[0m
[0;32mI (186056) BLE: connect ok; status=0[0m
[0;32mI (186056) BLE: start[0m
[0;32mI (189236) BLE: enc change: status=0[0m
[0;32mI (189236) BLE: encryption ok â†’ sent AUTHOK[0m
[0;32mI (190196) BLE: subscribe: handle=8 cur_notif=0 cur_ind=1[0m
[0;32mI (192296) BLE: subscribe: handle=16 cur_notif=1 cur_ind=0[0m
[0;32mI (222056) BLE: RX(3): BYE[0m
[0;32mI (222056) NimBLE: GATT procedure initiated: notify; [0m
[0;32mI (222056) NimBLE: att_handle=16[0m

[0;32mI (222556) NimBLE: GAP procedure initiated: terminate connection; conn_handle=1 hci_reason=19[0m

[0;32mI (222556) BLE: subscribe: handle=16 cur_notif=0 cur_ind=0[0m
[0;32mI (222566) BLE: subscribe: handle=8 cur_notif=0 cur_ind=0[0m
[0;32mI (222566) BLE: disconnect; reason=534[0m
[0;32mI (225566) NimBLE: GAP procedure initiated: advertise; [0m
[0;32mI (225566) NimBLE: disc_mode=2[0m
[0;32mI (225566) NimBLE:  adv_channel_map=0 own_addr_type=0 adv_filter_policy=0 adv_itvl_min=320 adv_itvl_max=352[0m
[0;32mI (225566) NimBLE: [0m

[0;32mI (225576) BLE: Advertising as "FAL_A0BD575E"[0m
ESP-ROM:esp32s3-20210327
Build:Mar 27 2021
rst:0x1 (POWERON),boot:0x8 (SPI_FAST_FLASH_BOOT)
SPIWP:0xee
mode:DIO, clock div:1
load:0x3fce2810,len:0x1564
load:0x403c8700,len:0x4
load:0x403c8704,len:0xd24
load:0x403cb700,len:0x2ed4
entry 0x403c8928
[0;32mI (27) boot: ESP-IDF v5.4.2-dirty 2nd stage bootloader[0m
[0;32mI (27) boot: compile time Aug 21 2025 17:15:17[0m
[0;32mI (27) boot: Multicore bootloader[0m
[0;32mI (28) boot: chip revision: v0.2[0m
[0;32mI (30) boot: efuse block revision: v1.3[0m
[0;32mI (34) boot.esp32s3: Boot SPI Speed : 80MHz[0m
[0;32mI (38) boot.esp32s3: SPI Mode       : DIO[0m
[0;32mI (42) boot.esp32s3: SPI Flash Size : 16MB[0m
[0;32mI (45) boot: Enabling RNG early entropy source...[0m
[0;32mI (50) boot: Partition Table:[0m
[0;32mI (52) boot: ## Label            Usage          Type ST Offset   Length[0m
[0;32mI (59) boot:  0 nvs              WiFi data        01 02 00009000 00006000[0m
[0;32mI (65) boot:  1 phy_init         RF data          01 01 0000f000 00001000[0m
[0;32mI (72) boot:  2 factory          factory app      00 00 00010000 00200000[0m
[0;32mI (78) boot:  3 ota_0            OTA app          00 10 00210000 00200000[0m
[0;32mI (85) boot:  4 ota_1            OTA app          00 11 00410000 00200000[0m
[0;32mI (91) boot:  5 storage          Unknown data     01 83 00610000 00100000[0m
[0;32mI (98) boot:  6 spiffs           Unknown data     01 82 00710000 00400000[0m
[0;32mI (104) boot:  7 userdata         Unknown data     01 84 00b10000 00100000[0m
[0;32mI (111) boot:  8 reserved         unknown          40 01 00c10000 003f0000[0m
[0;32mI (118) boot: End of partition table[0m
[0;32mI (121) esp_image: segment 0: paddr=00010020 vaddr=3c060020 size=17e2ch ( 97836) map[0m
[0;32mI (146) esp_image: segment 1: paddr=00027e54 vaddr=3fc9d200 size=04520h ( 17696) load[0m
[0;32mI (150) esp_image: segment 2: paddr=0002c37c vaddr=40374000 size=03c9ch ( 15516) load[0m
[0;32mI (153) esp_image: segment 3: paddr=00030020 vaddr=42000020 size=5d820h (383008) map[0m
[0;32mI (225) esp_image: segment 4: paddr=0008d848 vaddr=40377c9c size=15530h ( 87344) load[0m
[0;32mI (244) esp_image: segment 5: paddr=000a2d80 vaddr=600fe000 size=0001ch (    28) load[0m
[0;32mI (254) boot: Loaded app from partition at offset 0x10000[0m
[0;32mI (254) boot: Disabling RNG early entropy source...[0m
[0;32mI (264) octal_psram: vendor id    : 0x0d (AP)[0m
[0;32mI (264) octal_psram: dev id       : 0x02 (generation 3)[0m
[0;32mI (264) octal_psram: density      : 0x03 (64 Mbit)[0m
[0;32mI (266) octal_psram: good-die     : 0x01 (Pass)[0m
[0;32mI (270) octal_psram: Latency      : 0x01 (Fixed)[0m
[0;32mI (275) octal_psram: VCC          : 0x01 (3V)[0m
[0;32mI (279) octal_psram: SRF          : 0x01 (Fast Refresh)[0m
[0;32mI (284) octal_psram: BurstType    : 0x01 (Hybrid Wrap)[0m
[0;32mI (289) octal_psram: BurstLen     : 0x01 (32 Byte)[0m
[0;32mI (293) octal_psram: Readlatency  : 0x02 (10 cycles@Fixed)[0m
[0;32mI (298) octal_psram: DriveStrength: 0x00 (1/1)[0m
[0;32mI (303) esp_psram: Found 8MB PSRAM device[0m
[0;32mI (306) esp_psram: Speed: 40MHz[0m
[0;32mI (309) cpu_start: Multicore app[0m
[0;32mI (1043) esp_psram: SPI SRAM memory test OK[0m
[0;32mI (1052) cpu_start: Pro cpu start user code[0m
[0;32mI (1052) cpu_start: cpu freq: 240000000 Hz[0m
[0;32mI (1052) app_init: Application information:[0m
[0;32mI (1052) app_init: Project name:     wifi_station[0m
[0;32mI (1057) app_init: App version:      1c99977-dirty[0m
[0;32mI (1061) app_init: Compile time:     Aug 22 2025 17:10:49[0m
[0;32mI (1067) app_init: ELF file SHA256:  d04f1377d...[0m
[0;32mI (1071) app_init: ESP-IDF:          v5.4.2-dirty[0m
[0;32mI (1075) efuse_init: Min chip rev:     v0.0[0m
[0;32mI (1079) efuse_init: Max chip rev:     v0.99 [0m
[0;32mI (1083) efuse_init: Chip rev:         v0.2[0m
[0;32mI (1087) heap_init: Initializing. RAM available for dynamic allocation:[0m
[0;32mI (1094) heap_init: At 3FCA3CA0 len 00045A70 (278 KiB): RAM[0m
[0;32mI (1099) heap_init: At 3FCE9710 len 00005724 (21 KiB): RAM[0m
[0;32mI (1104) heap_init: At 3FCF0000 len 00008000 (32 KiB): DRAM[0m
[0;32mI (1109) heap_init: At 600FE01C len 00001FCC (7 KiB): RTCRAM[0m
[0;32mI (1115) esp_psram: Adding pool of 8192K of PSRAM memory to heap allocator[0m
[0;32mI (1122) spi_flash: detected chip: generic[0m
[0;32mI (1125) spi_flash: flash io: dio[0m
[0;32mI (1129) sleep_gpio: Configure to isolate all GPIO pins in sleep state[0m
[0;32mI (1135) sleep_gpio: Enable automatic switching of GPIO sleep configuration[0m
[0;32mI (1141) coexist: coex firmware version: 7b9a184[0m
[0;32mI (1165) coexist: coexist rom version e7ae62f[0m
[0;32mI (1166) main_task: Started on CPU0[0m
[0;32mI (1176) esp_psram: Reserving pool of 32K of internal memory for DMA/internal allocations[0m
[0;32mI (1176) main_task: Calling app_main()[0m
[0;32mI (1186) uart: queue free spaces: 30[0m
[0;32mI (1186) BLE: NVS SSID: 3718[0m
[0;32mI (1186) BLE: NVS PWD: 15362[0m
[0;32mI (1186) BLE: NVS CH: 1[0m
[0;32mI (1186) BLE: NVS SP: 1[0m
[0;32mI (1186) BLE_INIT: BT controller compile version [6cfabcd][0m
[0;32mI (1196) BLE_LOG: Succeeded to initialize upper layer task log![0m
[0;32mI (1196) gpio: GPIO[3]| InputEn: 0| OutputEn: 1| OpenDrain: 0| Pullup: 0| Pulldown: 0| Intr:0 [0m
[0;32mI (1206) BLE_LOG: Succeeded to initialize timestamp synchronizer![0m
[0;32mI (1216) BLE_LOG: Succeeded to initialize BLE log SPI output interface![0m
[0;32mI (1216) BLE_INIT: Feature Config, ADV:1, BLE_50:1, DTM:1, SCAN:1, CCA:0, SMP:1, CONNECT:1[0m
[0;32mI (1226) BLE_INIT: Bluetooth MAC: 30:ed:a0:bd:57:5e[0m
[0;32mI (1236) phy_init: phy_version 701,f4f1da3a,Mar  3 2025,15:50:10[0m
[0;32mI (1276) BLE: nimble host task start[0m
[0;32mI (1276) BLE: reg svc 0x1800 handle=1[0m
[0;32mI (1276) BLE: reg chr 0x2a00 def=2 val=3[0m
[0;32mI (1276) BLE: reg chr 0x2a01 def=4 val=5[0m
[0;32mI (1276) BLE: reg svc 0x1801 handle=6[0m
[0;32mI (1276) BLE: reg chr 0x2a05 def=7 val=8[0m
[0;32mI (1286) BLE: reg chr 0x2b3a def=10 val=11[0m
[0;32mI (1286) BLE: reg chr 0x2b29 def=12 val=13[0m
[0;32mI (1286) BLE: reg svc 0100bc9a-7856-3412-f0de-bc9a78563412 handle=14[0m
[0;32mI (1296) BLE: reg chr 00002211-eedd-ccbb-aa99-887766554433 def=15 val=16[0m
[0;32mI (1276) main_task: Returned from app_main()[0m
[0;32mI (1306) NimBLE: GAP procedure initiated: stop advertising.[0m

[0;32mI (1316) NimBLE: GAP procedure initiated: advertise; [0m
[0;32mI (1316) NimBLE: disc_mode=2[0m
[0;32mI (1316) NimBLE:  adv_channel_map=0 own_addr_type=0 adv_filter_policy=0 adv_itvl_min=320 adv_itvl_max=352[0m
[0;32mI (1326) NimBLE: [0m

[0;32mI (1336) BLE: Advertising as "FAL_A0BD575E"[0m
[0;32mI (4536) BLE: connect ok; status=0[0m
[0;32mI (4536) BLE: start[0m
[0;32mI (7676) BLE: enc change: status=0[0m
[0;32mI (7676) BLE: encryption ok â†’ sent AUTHOK[0m
[0;32mI (8666) BLE: subscribe: handle=8 cur_notif=0 cur_ind=1[0m
[0;32mI (10796) BLE: subscribe: handle=16 cur_notif=1 cur_ind=0[0m
[0;32mI (54086) BLE: RX(3): BYE[0m
[0;32mI (54086) NimBLE: GATT procedure initiated: notify; [0m
[0;32mI (54086) NimBLE: att_handle=16[0m

[0;32mI (54586) NimBLE: GAP procedure initiated: terminate connection; conn_handle=1 hci_reason=19[0m

[0;32mI (54586) BLE: subscribe: handle=16 cur_notif=0 cur_ind=0[0m
[0;32mI (54596) BLE: subscribe: handle=8 cur_notif=0 cur_ind=0[0m
[0;32mI (54596) BLE: disconnect; reason=534[0m
[0;32mI (57596) NimBLE: GAP procedure initiated: advertise; [0m
[0;32mI (57596) NimBLE: disc_mode=2[0m
[0;32mI (57596) NimBLE:  adv_channel_map=0 own_addr_type=0 adv_filter_policy=0 adv_itvl_min=320 adv_itvl_max=352[0m
[0;32mI (57596) NimBLE: [0m

[0;32mI (57606) BLE: Advertising as "FAL_A0BD575E"[0m
[0;32mI (59226) BLE: connect ok; status=0[0m
[0;32mI (59226) BLE: start[0m
[0;32mI (59466) BLE: subscribe: handle=16 cur_notif=1 cur_ind=0[0m
[0;32mI (61596) BLE: RX(3): BYE[0m
[0;32mI (61596) NimBLE: GATT procedure initiated: notify; [0m
[0;32mI (61596) NimBLE: att_handle=16[0m

[0;32mI (62096) NimBLE: GAP procedure initiated: terminate connection; conn_handle=1 hci_reason=19[0m

[0;32mI (62096) BLE: subscribe: handle=16 cur_notif=0 cur_ind=0[0m
[0;32mI (62106) BLE: disconnect; reason=534[0m
[0;32mI (65106) NimBLE: GAP procedure initiated: advertise; [0m
[0;32mI (65106) NimBLE: disc_mode=2[0m
[0;32mI (65106) NimBLE:  adv_channel_map=0 own_addr_type=0 adv_filter_policy=0 adv_itvl_min=320 adv_itvl_max=352[0m
[0;32mI (65116) NimBLE: [0m

[0;32mI (65116) BLE: Advertising as "FAL_A0BD575E"[0m
ESP-ROM:esp32s3-20210327
Build:Mar 27 2021
rst:0x1 (POWERON),boot:0x8 (SPI_FAST_FLASH_BOOT)
SPIWP:0xee
mode:DIO, clock div:1
load:0x3fce2810,len:0x1564
load:0x403c8700,len:0x4
load:0x403c8704,len:0xd24
load:0x403cb700,len:0x2ed4
entry 0x403c8928
[0;32mI (27) boot: ESP-IDF v5.4.2-dirty 2nd stage bootloader[0m
[0;32mI (27) boot: compile time Aug 21 2025 17:15:17[0m
[0;32mI (27) boot: Multicore bootloader[0m
[0;32mI (28) boot: chip revision: v0.2[0m
[0;32mI (30) boot: efuse block revision: v1.3[0m
[0;32mI (34) boot.esp32s3: Boot SPI Speed : 80MHz[0m
[0;32mI (38) boot.esp32s3: SPI Mode       : DIO[0m
[0;32mI (42) boot.esp32s3: SPI Flash Size : 16MB[0m
[0;32mI (45) boot: Enabling RNG early entropy source...[0m
[0;32mI (50) boot: Partition Table:[0m
[0;32mI (52) boot: ## Label            Usage          Type ST Offset   Length[0m
[0;32mI (59) boot:  0 nvs              WiFi data        01 02 00009000 00006000[0m
[0;32mI (65) boot:  1 phy_init         RF data          01 01 0000f000 00001000[0m
[0;32mI (72) boot:  2 factory          factory app      00 00 00010000 00200000[0m
[0;32mI (78) boot:  3 ota_0            OTA app          00 10 00210000 00200000[0m
[0;32mI (85) boot:  4 ota_1            OTA app          00 11 00410000 00200000[0m
[0;32mI (91) boot:  5 storage          Unknown data     01 83 00610000 00100000[0m
[0;32mI (98) boot:  6 spiffs           Unknown data     01 82 00710000 00400000[0m
[0;32mI (104) boot:  7 userdata         Unknown data     01 84 00b10000 00100000[0m
[0;32mI (111) boot:  8 reserved         unknown          40 01 00c10000 003f0000[0m
[0;32mI (118) boot: End of partition table[0m
[0;32mI (121) esp_image: segment 0: paddr=00010020 vaddr=3c060020 size=17e2ch ( 97836) map[0m
[0;32mI (146) esp_image: segment 1: paddr=00027e54 vaddr=3fc9d200 size=04520h ( 17696) load[0m
[0;32mI (150) esp_image: segment 2: paddr=0002c37c vaddr=40374000 size=03c9ch ( 15516) load[0m
[0;32mI (153) esp_image: segment 3: paddr=00030020 vaddr=42000020 size=5d820h (383008) map[0m
[0;32mI (225) esp_image: segment 4: paddr=0008d848 vaddr=40377c9c size=15530h ( 87344) load[0m
[0;32mI (244) esp_image: segment 5: paddr=000a2d80 vaddr=600fe000 size=0001ch (    28) load[0m
[0;32mI (254) boot: Loaded app from partition at offset 0x10000[0m
[0;32mI (254) boot: Disabling RNG early entropy source...[0m
[0;32mI (264) octal_psram: vendor id    : 0x0d (AP)[0m
[0;32mI (264) octal_psram: dev id       : 0x02 (generation 3)[0m
[0;32mI (264) octal_psram: density      : 0x03 (64 Mbit)[0m
[0;32mI (266) octal_psram: good-die     : 0x01 (Pass)[0m
[0;32mI (270) octal_psram: Latency      : 0x01 (Fixed)[0m
[0;32mI (275) octal_psram: VCC          : 0x01 (3V)[0m
[0;32mI (279) octal_psram: SRF          : 0x01 (Fast Refresh)[0m
[0;32mI (284) octal_psram: BurstType    : 0x01 (Hybrid Wrap)[0m
[0;32mI (289) octal_psram: BurstLen     : 0x01 (32 Byte)[0m
[0;32mI (293) octal_psram: Readlatency  : 0x02 (10 cycles@Fixed)[0m
[0;32mI (298) octal_psram: DriveStrength: 0x00 (1/1)[0m
[0;32mI (303) esp_psram: Found 8MB PSRAM device[0m
[0;32mI (306) esp_psram: Speed: 40MHz[0m
[0;32mI (309) cpu_start: Multicore app[0m
[0;32mI (1043) esp_psram: SPI SRAM memory test OK[0m
[0;32mI (1052) cpu_start: Pro cpu start user code[0m
[0;32mI (1052) cpu_start: cpu freq: 240000000 Hz[0m
[0;32mI (1052) app_init: Application information:[0m
[0;32mI (1052) app_init: Project name:     wifi_station[0m
[0;32mI (1057) app_init: App version:      1c99977-dirty[0m
[0;32mI (1061) app_init: Compile time:     Aug 22 2025 17:10:49[0m
[0;32mI (1067) app_init: ELF file SHA256:  d04f1377d...[0m
[0;32mI (1071) app_init: ESP-IDF:          v5.4.2-dirty[0m
[0;32mI (1075) efuse_init: Min chip rev:     v0.0[0m
[0;32mI (1079) efuse_init: Max chip rev:     v0.99 [0m
[0;32mI (1083) efuse_init: Chip rev:         v0.2[0m
[0;32mI (1087) heap_init: Initializing. RAM available for dynamic allocation:[0m
[0;32mI (1094) heap_init: At 3FCA3CA0 len 00045A70 (278 KiB): RAM[0m
[0;32mI (1099) heap_init: At 3FCE9710 len 00005724 (21 KiB): RAM[0m
[0;32mI (1104) heap_init: At 3FCF0000 len 00008000 (32 KiB): DRAM[0m
[0;32mI (1109) heap_init: At 600FE01C len 00001FCC (7 KiB): RTCRAM[0m
[0;32mI (1115) esp_psram: Adding pool of 8192K of PSRAM memory to heap allocator[0m
[0;32mI (1122) spi_flash: detected chip: generic[0m
[0;32mI (1125) spi_flash: flash io: dio[0m
[0;32mI (1129) sleep_gpio: Configure to isolate all GPIO pins in sleep state[0m
[0;32mI (1135) sleep_gpio: Enable automatic switching of GPIO sleep configuration[0m
[0;32mI (1141) coexist: coex firmware version: 7b9a184[0m
[0;32mI (1165) coexist: coexist rom version e7ae62f[0m
[0;32mI (1166) main_task: Started on CPU0[0m
[0;32mI (1176) esp_psram: Reserving pool of 32K of internal memory for DMA/internal allocations[0m
[0;32mI (1176) main_task: Calling app_main()[0m
[0;32mI (1186) uart: queue free spaces: 30[0m
[0;32mI (1186) BLE: NVS SSID: 3718[0m
[0;32mI (1186) BLE: NVS PWD: 15362[0m
[0;32mI (1186) BLE: NVS CH: 1[0m
[0;32mI (1186) BLE: NVS SP: 1[0m
[0;32mI (1186) BLE_INIT: BT controller compile version [6cfabcd][0m
[0;32mI (1196) BLE_LOG: Succeeded to initialize upper layer task log![0m
[0;32mI (1196) gpio: GPIO[3]| InputEn: 0| OutputEn: 1| OpenDrain: 0| Pullup: 0| Pulldown: 0| Intr:0 [0m
[0;32mI (1206) BLE_LOG: Succeeded to initialize timestamp synchronizer![0m
[0;32mI (1216) BLE_LOG: Succeeded to initialize BLE log SPI output interface![0m
[0;32mI (1216) BLE_INIT: Feature Config, ADV:1, BLE_50:1, DTM:1, SCAN:1, CCA:0, SMP:1, CONNECT:1[0m
[0;32mI (1226) BLE_INIT: Bluetooth MAC: 30:ed:a0:bd:57:5e[0m
[0;32mI (1236) phy_init: phy_version 701,f4f1da3a,Mar  3 2025,15:50:10[0m
[0;32mI (1276) BLE: nimble host task start[0m
[0;32mI (1276) BLE: reg svc 0x1800 handle=1[0m
[0;32mI (1276) BLE: reg chr 0x2a00 def=2 val=3[0m
[0;32mI (1276) BLE: reg chr 0x2a01 def=4 val=5[0m
[0;32mI (1276) BLE: reg svc 0x1801 handle=6[0m
[0;32mI (1276) BLE: reg chr 0x2a05 def=7 val=8[0m
[0;32mI (1286) BLE: reg chr 0x2b3a def=10 val=11[0m
[0;32mI (1286) BLE: reg chr 0x2b29 def=12 val=13[0m
[0;32mI (1286) BLE: reg svc 0100bc9a-7856-3412-f0de-bc9a78563412 handle=14[0m
[0;32mI (1296) BLE: reg chr 00002211-eedd-ccbb-aa99-887766554433 def=15 val=16[0m
[0;32mI (1276) main_task: Returned from app_main()[0m
[0;32mI (1306) NimBLE: GAP procedure initiated: stop advertising.[0m

[0;32mI (1316) NimBLE: GAP procedure initiated: advertise; [0m
[0;32mI (1316) NimBLE: disc_mode=2[0m
[0;32mI (1316) NimBLE:  adv_channel_map=0 own_addr_type=0 adv_filter_policy=0 adv_itvl_min=320 adv_itvl_max=352[0m
[0;32mI (1326) NimBLE: [0m

[0;32mI (1336) BLE: Advertising as "FAL_A0BD575E"[0m
[0;32mI (5226) BLE: connect ok; status=0[0m
[0;32mI (5226) BLE: start[0m
[0;32mI (8786) BLE: enc change: status=0[0m
[0;32mI (8786) BLE: encryption ok â†’ sent AUTHOK[0m
[0;32mI (9746) BLE: subscribe: handle=8 cur_notif=0 cur_ind=1[0m
[0;32mI (11456) BLE: subscribe: handle=16 cur_notif=1 cur_ind=0[0m
[0;32mI (13226) BLE: RX(3): BYE[0m
[0;32mI (13226) NimBLE: GATT procedure initiated: notify; [0m
[0;32mI (13226) NimBLE: att_handle=16[0m

[0;32mI (13726) NimBLE: GAP procedure initiated: terminate connection; conn_handle=1 hci_reason=19[0m

[0;32mI (13726) BLE: subscribe: handle=16 cur_notif=0 cur_ind=0[0m
[0;32mI (13736) BLE: subscribe: handle=8 cur_notif=0 cur_ind=0[0m
[0;32mI (13736) BLE: disconnect; reason=534[0m
[0;32mI (16736) NimBLE: GAP procedure initiated: advertise; [0m
[0;32mI (16736) NimBLE: disc_mode=2[0m
[0;32mI (16736) NimBLE:  adv_channel_map=0 own_addr_type=0 adv_filter_policy=0 adv_itvl_min=320 adv_itvl_max=352[0m
[0;32mI (16746) NimBLE: [0m

[0;32mI (16746) BLE: Advertising as "FAL_A0BD575E"[0m
ESP-ROM:esp32s3-20210327
Build:Mar 27 2021
rst:0x1 (POWERON),boot:0x8 (SPI_FAST_FLASH_BOOT)
SPIWP:0xee
mode:DIO, clock div:1
load:0x3fce2810,len:0x1564
load:0x403c8700,len:0x4
load:0x403c8704,len:0xd24
load:0x403cb700,len:0x2ed4
entry 0x403c8928
[0;32mI (27) boot: ESP-IDF v5.4.2-dirty 2nd stage bootloader[0m
[0;32mI (27) boot: compile time Aug 21 2025 17:15:17[0m
[0;32mI (27) boot: Multicore bootloader[0m
[0;32mI (28) boot: chip revision: v0.2[0m
[0;32mI (30) boot: efuse block revision: v1.3[0m
[0;32mI (34) boot.esp32s3: Boot SPI Speed : 80MHz[0m
[0;32mI (38) boot.esp32s3: SPI Mode       : DIO[0m
[0;32mI (42) boot.esp32s3: SPI Flash Size : 16MB[0m
[0;32mI (45) boot: Enabling RNG early entropy source...[0m
[0;32mI (50) boot: Partition Table:[0m
[0;32mI (52) boot: ## Label            Usage          Type ST Offset   Length[0m
[0;32mI (59) boot:  0 nvs              WiFi data        01 02 00009000 00006000[0m
[0;32mI (65) boot:  1 phy_init         RF data          01 01 0000f000 00001000[0m
[0;32mI (72) boot:  2 factory          factory app      00 00 00010000 00200000[0m
[0;32mI (78) boot:  3 ota_0            OTA app          00 10 00210000 00200000[0m
[0;32mI (85) boot:  4 ota_1            OTA app          00 11 00410000 00200000[0m
[0;32mI (91) boot:  5 storage          Unknown data     01 83 00610000 00100000[0m
[0;32mI (98) boot:  6 spiffs           Unknown data     01 82 00710000 00400000[0m
[0;32mI (104) boot:  7 userdata         Unknown data     01 84 00b10000 00100000[0m
[0;32mI (111) boot:  8 reserved         unknown          40 01 00c10000 003f0000[0m
[0;32mI (118) boot: End of partition table[0m
[0;32mI (121) esp_image: segment 0: paddr=00010020 vaddr=3c060020 size=17e2ch ( 97836) map[0m
[0;32mI (146) esp_image: segment 1: paddr=00027e54 vaddr=3fc9d200 size=04520h ( 17696) load[0m
[0;32mI (150) esp_image: segment 2: paddr=0002c37c vaddr=40374000 size=03c9ch ( 15516) load[0m
[0;32mI (153) esp_image: segment 3: paddr=00030020 vaddr=42000020 size=5d820h (383008) map[0m
[0;32mI (225) esp_image: segment 4: paddr=0008d848 vaddr=40377c9c size=15530h ( 87344) load[0m
[0;32mI (244) esp_image: segment 5: paddr=000a2d80 vaddr=600fe000 size=0001ch (    28) load[0m
[0;32mI (254) boot: Loaded app from partition at offset 0x10000[0m
[0;32mI (254) boot: Disabling RNG early entropy source...[0m
[0;32mI (264) octal_psram: vendor id    : 0x0d (AP)[0m
[0;32mI (264) octal_psram: dev id       : 0x02 (generation 3)[0m
[0;32mI (264) octal_psram: density      : 0x03 (64 Mbit)[0m
[0;32mI (266) octal_psram: good-die     : 0x01 (Pass)[0m
[0;32mI (270) octal_psram: Latency      : 0x01 (Fixed)[0m
[0;32mI (275) octal_psram: VCC          : 0x01 (3V)[0m
[0;32mI (279) octal_psram: SRF          : 0x01 (Fast Refresh)[0m
[0;32mI (284) octal_psram: BurstType    : 0x01 (Hybrid Wrap)[0m
[0;32mI (289) octal_psram: BurstLen     : 0x01 (32 Byte)[0m
[0;32mI (293) octal_psram: Readlatency  : 0x02 (10 cycles@Fixed)[0m
[0;32mI (298) octal_psram: DriveStrength: 0x00 (1/1)[0m
[0;32mI (303) esp_psram: Found 8MB PSRAM device[0m
[0;32mI (306) esp_psram: Speed: 40MHz[0m
[0;32mI (309) cpu_start: Multicore app[0m
[0;32mI (1043) esp_psram: SPI SRAM memory test OK[0m
[0;32mI (1052) cpu_start: Pro cpu start user code[0m
[0;32mI (1052) cpu_start: cpu freq: 240000000 Hz[0m
[0;32mI (1052) app_init: Application information:[0m
[0;32mI (1052) app_init: Project name:     wifi_station[0m
[0;32mI (1057) app_init: App version:      1c99977-dirty[0m
[0;32mI (1061) app_init: Compile time:     Aug 22 2025 17:10:49[0m
[0;32mI (1067) app_init: ELF file SHA256:  d04f1377d...[0m
[0;32mI (1071) app_init: ESP-IDF:          v5.4.2-dirty[0m
[0;32mI (1075) efuse_init: Min chip rev:     v0.0[0m
[0;32mI (1079) efuse_init: Max chip rev:     v0.99 [0m
[0;32mI (1083) efuse_init: Chip rev:         v0.2[0m
[0;32mI (1087) heap_init: Initializing. RAM available for dynamic allocation:[0m
[0;32mI (1094) heap_init: At 3FCA3CA0 len 00045A70 (278 KiB): RAM[0m
[0;32mI (1099) heap_init: At 3FCE9710 len 00005724 (21 KiB): RAM[0m
[0;32mI (1104) heap_init: At 3FCF0000 len 00008000 (32 KiB): DRAM[0m
[0;32mI (1109) heap_init: At 600FE01C len 00001FCC (7 KiB): RTCRAM[0m
[0;32mI (1115) esp_psram: Adding pool of 8192K of PSRAM memory to heap allocator[0m
[0;32mI (1122) spi_flash: detected chip: generic[0m
[0;32mI (1125) spi_flash: flash io: dio[0m
[0;32mI (1129) sleep_gpio: Configure to isolate all GPIO pins in sleep state[0m
[0;32mI (1135) sleep_gpio: Enable automatic switching of GPIO sleep configuration[0m
[0;32mI (1141) coexist: coex firmware version: 7b9a184[0m
[0;32mI (1165) coexist: coexist rom version e7ae62f[0m
[0;32mI (1166) main_task: Started on CPU0[0m
[0;32mI (1176) esp_psram: Reserving pool of 32K of internal memory for DMA/internal allocations[0m
[0;32mI (1176) main_task: Calling app_main()[0m
[0;32mI (1186) uart: queue free spaces: 30[0m
[0;32mI (1186) BLE: NVS SSID: 3718[0m
[0;32mI (1186) BLE: NVS PWD: 15362[0m
[0;32mI (1186) BLE: NVS CH: 1[0m
[0;32mI (1186) BLE: NVS SP: 1[0m
[0;32mI (1186) BLE_INIT: BT controller compile version [6cfabcd][0m
[0;32mI (1196) BLE_LOG: Succeeded to initialize upper layer task log![0m
[0;32mI (1196) gpio: GPIO[3]| InputEn: 0| OutputEn: 1| OpenDrain: 0| Pullup: 0| Pulldown: 0| Intr:0 [0m
[0;32mI (1206) BLE_LOG: Succeeded to initialize timestamp synchronizer![0m
[0;32mI (1216) BLE_LOG: Succeeded to initialize BLE log SPI output interface![0m
[0;32mI (1216) BLE_INIT: Feature Config, ADV:1, BLE_50:1, DTM:1, SCAN:1, CCA:0, SMP:1, CONNECT:1[0m
[0;32mI (1226) BLE_INIT: Bluetooth MAC: 30:ed:a0:bd:57:5e[0m
[0;32mI (1236) phy_init: phy_version 701,f4f1da3a,Mar  3 2025,15:50:10[0m
[0;32mI (1276) BLE: nimble host task start[0m
[0;32mI (1276) BLE: reg svc 0x1800 handle=1[0m
[0;32mI (1276) BLE: reg chr 0x2a00 def=2 val=3[0m
[0;32mI (1276) BLE: reg chr 0x2a01 def=4 val=5[0m
[0;32mI (1276) BLE: reg svc 0x1801 handle=6[0m
[0;32mI (1276) BLE: reg chr 0x2a05 def=7 val=8[0m
[0;32mI (1286) BLE: reg chr 0x2b3a def=10 val=11[0m
[0;32mI (1286) BLE: reg chr 0x2b29 def=12 val=13[0m
[0;32mI (1296) BLE: reg svc 0100bc9a-7856-3412-f0de-bc9a78563412 handle=14[0m
[0;32mI (1296) BLE: reg chr 00002211-eedd-ccbb-aa99-887766554433 def=15 val=16[0m
[0;32mI (1306) NimBLE: GAP procedure initiated: stop advertising.[0m

[0;32mI (1306) NimBLE: GAP procedure initiated: advertise; [0m
[0;32mI (1316) NimBLE: disc_mode=2[0m
[0;32mI (1316) NimBLE:  adv_channel_map=0 own_addr_type=0 adv_filter_policy=0 adv_itvl_min=320 adv_itvl_max=352[0m
[0;32mI (1326) NimBLE: [0m

[0;32mI (1326) BLE: Advertising as "FAL_A0BD575E"[0m
[0;32mI (1276) main_task: Returned from app_main()[0m
[0;32mI (5646) BLE: connect ok; status=0[0m
[0;32mI (5646) BLE: start[0m
[0;32mI (6836) BLE: enc change: status=1289[0m
[0;33mW (6836) BLE: Encryption failed (status=1289)[0m
[0;32mI (8906) BLE: subscribe: handle=16 cur_notif=1 cur_ind=0[0m
[0;32mI (20426) BLE: RX(3): BYE[0m
[0;32mI (20426) NimBLE: GATT procedure initiated: notify; [0m
[0;32mI (20426) NimBLE: att_handle=16[0m

[0;32mI (20926) NimBLE: GAP procedure initiated: terminate connection; conn_handle=1 hci_reason=19[0m

[0;32mI (20926) BLE: subscribe: handle=16 cur_notif=0 cur_ind=0[0m
[0;32mI (20936) BLE: disconnect; reason=534[0m
[0;32mI (23936) NimBLE: GAP procedure initiated: advertise; [0m
[0;32mI (23936) NimBLE: disc_mode=2[0m
[0;32mI (23936) NimBLE:  adv_channel_map=0 own_addr_type=0 adv_filter_policy=0 adv_itvl_min=320 adv_itvl_max=352[0m
[0;32mI (23936) NimBLE: [0m

[0;32mI (23946) BLE: Advertising as "FAL_A0BD575E"[0m
[0;32mI (29406) BLE: connect ok; status=0[0m
[0;32mI (29406) BLE: start[0m
[0;32mI (31226) BLE: enc change: status=1289[0m
[0;33mW (31226) BLE: Encryption failed (status=1289)[0m
[0;32mI (32666) BLE: subscribe: handle=16 cur_notif=1 cur_ind=0[0m
[0;32mI (35036) BLE: RX(3): BYE[0m
[0;32mI (35036) NimBLE: GATT procedure initiated: notify; [0m
[0;32mI (35036) NimBLE: att_handle=16[0m

[0;32mI (35536) NimBLE: GAP procedure initiated: terminate connection; conn_handle=1 hci_reason=19[0m

[0;32mI (35536) BLE: subscribe: handle=16 cur_notif=0 cur_ind=0[0m
[0;32mI (35546) BLE: disconnect; reason=534[0m
[0;32mI (38546) NimBLE: GAP procedure initiated: advertise; [0m
[0;32mI (38546) NimBLE: disc_mode=2[0m
[0;32mI (38546) NimBLE:  adv_channel_map=0 own_addr_type=0 adv_filter_policy=0 adv_itvl_min=320 adv_itvl_max=352[0m
[0;32mI (38546) NimBLE: [0m

[0;32mI (38556) BLE: Advertising as "FAL_A0BD575E"[0m
[0;32mI (42216) BLE: connect ok; status=0[0m
[0;32mI (42216) BLE: start[0m
[0;32mI (43646) BLE: enc change: status=1289[0m
[0;33mW (43646) BLE: Encryption failed (status=1289)[0m
[0;32mI (45476) BLE: subscribe: handle=16 cur_notif=1 cur_ind=0[0m
[0;32mI (47726) BLE: RX(3): BYE[0m
[0;32mI (47726) NimBLE: GATT procedure initiated: notify; [0m
[0;32mI (47726) NimBLE: att_handle=16[0m

[0;32mI (48226) NimBLE: GAP procedure initiated: terminate connection; conn_handle=1 hci_reason=19[0m

[0;32mI (48226) BLE: subscribe: handle=16 cur_notif=0 cur_ind=0[0m
[0;32mI (48236) BLE: disconnect; reason=534[0m
[0;32mI (51236) NimBLE: GAP procedure initiated: advertise; [0m
[0;32mI (51236) NimBLE: disc_mode=2[0m
[0;32mI (51236) NimBLE:  adv_channel_map=0 own_addr_type=0 adv_filter_policy=0 adv_itvl_min=320 adv_itvl_max=352[0m
[0;32mI (51236) NimBLE: [0m

[0;32mI (51246) BLE: Advertising as "FAL_A0BD575E"[0m
